Stack: [ -42 ]
Stack: [ ]
Stack: [ 7 ]
Stack: [ ]
Stack: [ 0 ]
Stack: [ ]
Stack: [ 42 ]
Stack: [ ]
Stack: [ 42 ]
Stack: [ ]
Stack: [ 0 ]
Stack: [ ]
Stack: [ 3 ]
Stack: [ ]
Stack: [ 3 ]
Stack: [ ]
Stack: [ 7 ]
Stack: [ ]
Stack: [ 5 ]
Stack: [ ]
Stack: [ 5 ]
Stack: [ ]
Stack: [ 7 ]
Stack: [ ]
Stack: [ 4 ]
Stack: [ ]
Stack: [ -4 ]
Stack: [ ]
Stack: [ 6 ]
Stack: [ ]
Stack: [ -2 ]
Stack: [ ]
Stack: [ t ]
Stack: [ ]
Stack: [ f ]
Stack: [ ]
Stack: [ f ]
Stack: [ ]
