tests/integration/check_typed_stdlib_struct_fields.1z:35: warning: ffi{: word has no declared stack effect
tests/integration/check_typed_stdlib_struct_fields.1z:35: warning: ffi-def{: word has no declared stack effect
tests/integration/check_typed_stdlib_struct_fields.1z:35: warning: ffi-struct{: word has no declared stack effect
