Usage: 1z check [options] <file>

Run static analysis on a 1z source file without executing it.

The following execution flags are NOT accepted by `check`:
  --compile=MODE, --benchmark, --benchmark=verbose, --benchmark=json, --profile, --profile-top=N, --profile-out=FILE

Execution options:
  --threads=N|auto          Worker threads, or 'auto' to detect (default: auto)

Global options:
  --max-memory=SIZE         Set memory limit (e.g. 128M, 1G; default 256M)
  --load-path=PATH          Add a module search path (repeatable)
  --stdlib-path=PATH        Override standard library path
  --prelude=PATH            Override prelude file path
  --no-startup              Skip the user startup file
