=== nil constructor ===
Stack: [ ]
PASS: nil is nil
Stack: [ ]
PASS: nil is not cons
Stack: [ ]
=== cons constructor ===
Stack: [ ]
PASS: cons is cons
Stack: [ ]
PASS: cons is not nil
Stack: [ ]
=== head accessor ===
Stack: [ ]
PASS: head of single element
Stack: [ ]
PASS: head of two elements
Stack: [ ]
PASS: head with string
Stack: [ ]
=== tail accessor ===
Stack: [ ]
PASS: tail of single element is nil
Stack: [ ]
PASS: tail gives rest of list
Stack: [ ]
PASS: nested tail
Stack: [ ]
=== head and tail errors ===
Stack: [ ]
PASS: head of nil
Stack: [ ]
PASS: tail of nil
Stack: [ ]
=== >cons-list from array ===
Stack: [ ]
PASS: empty array becomes nil
Stack: [ ]
PASS: single element array head
Stack: [ ]
PASS: single element array tail is nil
Stack: [ ]
PASS: first element preserved
Stack: [ ]
PASS: second element preserved
Stack: [ ]
PASS: third element preserved
Stack: [ ]
PASS: end of list is nil
Stack: [ ]
=== cons-list>array ===
Stack: [ ]
PASS: nil to array
Stack: [ ]
PASS: single element to array
Stack: [ ]
PASS: three elements to array
Stack: [ ]
=== round-trip array -> cons-list -> array ===
Stack: [ ]
PASS: round-trip preserves elements
Stack: [ ]
PASS: round-trip empty
Stack: [ ]
PASS: round-trip single
Stack: [ ]
PASS: round-trip strings
Stack: [ ]
=== nested cons-lists ===
Stack: [ ]
Stack: [ { 1 2 } ]
PASS: nested list in list
Stack: [ ]
=== cons builds in correct order ===
Stack: [ ]
Stack: [ <cons-list:cons cons-cell{ head: 1 tail: <cons-list:cons cons-cell{ head: 2 tail: <cons-list:cons cons-cell{ head: 3 tail: <cons-list:nil nil:> }> }> }> ]
PASS: cons builds list front-to-back
Stack: [ ]
=== list-len ===
Stack: [ ]
PASS: len of nil
Stack: [ ]
PASS: len of single
Stack: [ ]
PASS: len of three
Stack: [ ]
PASS: len of five
Stack: [ ]
=== list-reverse ===
Stack: [ ]
PASS: reverse nil is nil
Stack: [ ]
PASS: reverse single is cons
Stack: [ ]
PASS: reverse single head
Stack: [ ]
PASS: reverse single
Stack: [ ]
PASS: reverse three
Stack: [ ]
Stack: [ { 1 2 3 } ]
PASS: double reverse is identity
Stack: [ ]
=== list-nth ===
Stack: [ ]
PASS: nth 0
Stack: [ ]
PASS: nth 1
Stack: [ ]
PASS: nth 2
Stack: [ ]
PASS: nth out of bounds
Stack: [ ]
PASS: nth negative
Stack: [ ]
PASS: nth on nil
Stack: [ ]
=== list-append ===
Stack: [ ]
PASS: append nil nil
Stack: [ ]
Stack: [ { 1 2 } ]
PASS: append list nil
Stack: [ ]
Stack: [ { 3 4 } ]
PASS: append nil list
Stack: [ ]
Stack: [ { 1 2 3 4 } ]
PASS: append two lists
Stack: [ ]
Stack: [ { 1 2 } ]
PASS: append single element lists
Stack: [ ]
=== list-each ===
Stack: [ ]
PASS: each on nil sums nothing
Stack: [ ]
PASS: each on single
Stack: [ ]
PASS: each sums elements
Stack: [ ]
Stack: [ { 1 2 3 } ]
PASS: each visits head to tail
Stack: [ ]
=== list-fold ===
Stack: [ ]
PASS: fold on nil returns init
Stack: [ ]
PASS: fold sum
Stack: [ ]
PASS: fold sum with init
Stack: [ ]
Stack: [ { 1 2 3 } ]
PASS: fold collects head to tail
Stack: [ ]
PASS: fold product
Stack: [ ]
=== list-foldl ===
Stack: [ ]
PASS: foldl on nil returns init
Stack: [ ]
PASS: foldl sum
Stack: [ ]
PASS: foldl subtract
Stack: [ ]
Stack: [ { 1 2 3 } ]
PASS: foldl collects head to tail
Stack: [ ]
=== list-foldr ===
Stack: [ ]
PASS: foldr on nil returns init
Stack: [ ]
PASS: foldr sum
Stack: [ ]
PASS: foldr subtract
Stack: [ ]
Stack: [ { 3 2 1 } ]
PASS: foldr collects tail to head
Stack: [ ]
Stack: [ { 1 2 3 } ]
PASS: foldr cons rebuilds list
Stack: [ ]
=== list-map ===
Stack: [ ]
PASS: map on nil is nil
Stack: [ ]
Stack: [ { 2 4 6 } ]
PASS: map doubles
Stack: [ ]
Stack: [ { 11 12 13 } ]
PASS: map adds ten
Stack: [ ]
Stack: [ { 100 } ]
PASS: map single element
Stack: [ ]
=== list-filter ===
Stack: [ ]
PASS: filter on nil is nil
Stack: [ ]
Stack: [ { 4 5 } ]
PASS: filter greater than 3
Stack: [ ]
Stack: [ { 2 4 } ]
PASS: filter even numbers
Stack: [ ]
PASS: filter none
Stack: [ ]
Stack: [ { 1 2 3 } ]
PASS: filter all
Stack: [ ]
=== >iterator on nil ===
Stack: [ ]
PASS: >iterator nil collects to empty array
Stack: [ ]
=== >iterator on cons-list ===
Stack: [ ]
Stack: [ { 1 2 3 } ]
PASS: >iterator collects elements in order
Stack: [ ]
=== >iterator with #map ===
Stack: [ ]
Stack: [ { 10 20 30 } ]
PASS: lazy map over cons-list iterator
Stack: [ ]
=== >iterator with #filter ===
Stack: [ ]
Stack: [ { 4 5 } ]
PASS: lazy filter over cons-list iterator
Stack: [ ]
=== >iterator with #reduce ===
Stack: [ ]
Stack: [ 6 ]
PASS: reduce cons-list iterator
Stack: [ ]
=== >iterator with chained adapters ===
Stack: [ ]
Stack: [ <iterator callback callback> ]
Stack: [ { 6 8 10 } ]
PASS: map then filter on cons-list iterator
Stack: [ ]
=== >iterator with #count ===
Stack: [ ]
Stack: [ 5 ]
PASS: count elements via iterator
Stack: [ ]
=== >iterator with #take and #drop ===
Stack: [ ]
Stack: [ { 1 2 3 } ]
PASS: take 3 from cons-list iterator
Stack: [ ]
Stack: [ { 3 4 5 } ]
PASS: drop 2 from cons-list iterator
Stack: [ ]
=== #first ===
Stack: [ ]
PASS: #first of single element
Stack: [ ]
PASS: #first of three elements
Stack: [ ]
PASS: #first of nil throws
Stack: [ ]
=== #first? ===
Stack: [ ]
PASS: #first? on cons is some
Stack: [ ]
PASS: #first? unwraps head
Stack: [ ]
PASS: #first? on nil is none
Stack: [ ]
=== #empty? ===
Stack: [ ]
PASS: nil is empty
Stack: [ ]
PASS: cons is not empty
Stack: [ ]
PASS: list from array is not empty
Stack: [ ]
PASS: #empty? fallthrough on empty array
Stack: [ ]
PASS: #empty? fallthrough on non-empty array
Stack: [ ]
=== >array method ===
Stack: [ ]
PASS: >array of nil is empty
Stack: [ ]
PASS: >array preserves order
Stack: [ ]
=== >iterator state is per-call ===
Stack: [ ]
Stack: [ <cons-list:cons cons-cell{ head: 1 tail: <cons-list:cons cons-cell{ head: 2 tail: <cons-list:cons cons-cell{ head: 3 tail: <cons-list:nil nil:> }> }> }> ]
PASS: first drain sees all elements
Stack: [ <cons-list:cons cons-cell{ head: 1 tail: <cons-list:cons cons-cell{ head: 2 tail: <cons-list:cons cons-cell{ head: 3 tail: <cons-list:nil nil:> }> }> }> ]
PASS: second iterator is fresh
Stack: [ <cons-list:cons cons-cell{ head: 1 tail: <cons-list:cons cons-cell{ head: 2 tail: <cons-list:cons cons-cell{ head: 3 tail: <cons-list:nil nil:> }> }> }> ]
PASS: partial consumption
Stack: [ <cons-list:cons cons-cell{ head: 1 tail: <cons-list:cons cons-cell{ head: 2 tail: <cons-list:cons cons-cell{ head: 3 tail: <cons-list:nil nil:> }> }> }> ]
PASS: full drain after partial consumption
Stack: [ <cons-list:cons cons-cell{ head: 1 tail: <cons-list:cons cons-cell{ head: 2 tail: <cons-list:cons cons-cell{ head: 3 tail: <cons-list:nil nil:> }> }> }> ]
PASS: list unchanged after draining
Stack: [ ]
