STALL-DETECT: 1.0s with no progress, 2 tasks, 0 runnable
TASK-DUMP: 2 tasks, 0 runnable, 0 failed
  task[2] scope=<scope> blocked_fd=<fd> stack=[] callstack:
    net/tcp:96 native.accept
    net/tcp:11 accept
  task[3] scope=<scope> blocked_channel stack=[] callstack:
    tests/integration/deadlock_detect_io_waiter.1z:12 receive
