Hash literal syntax. Hashes are immutable, so the parser can bake the
parse-time result into a shared literal.
H{ [<marker:parse-time>] \compound

Stack: [ ]
Struct definition syntax.
struct{ [<marker:parse-time>] \compound

Stack: [ ]
Virtual type definition syntax.
virtual{ [<marker:parse-time>] \compound

Stack: [ ]
Method dispatch registration syntax.
method{ [<marker:parse-time>] \compound

Stack: [ ]
parameter ( -- type ) [<marker:parse-time>, <marker:const>, <marker:typed>] \compound
type info:
  kind: builtin-type
Stack: [ ]
Load and import a module by name or file path.
Optionally restrict imported words with a set of symbols.
Insert `shadow-ok` before `;` to suppress the shadow check.
Insert `reload` before `;` to bypass the module cache.
use [<marker:parse-time>] \compound

Stack: [ ]
The current output stream, defaulting to `stdout`.
output-stream ( -- param ) \compound

Stack: [ ]
The current input stream, defaulting to `stdin`.
input-stream ( -- param ) \compound

Stack: [ ]
