=== Error type fields ===
Stack: [ ]
PASS: error has error-type field
Stack: [ ]
=== Nested error call chain ===
Stack: [ ]
Stack: [ ]
Stack: [ ]
PASS: nested error has type
Stack: [ ]
=== Unknown word error ===
Stack: [ ]
PASS: unknown word error type
Stack: [ ]
=== Rethrow error ===
Stack: [ ]
PASS: rethrow error type
Stack: [ ]
=== Error type contract: bare symbol ===
Stack: [ ]
PASS: bare symbol contract
Stack: [ ]
