src/prelude.1z:615: error 'type-mismatch' expected string or byte-array, got fixnum 42 at word 'stream-write'
  stack effect: ( stream bytes -- n )
  called from src/prelude.1z:692: stream-write-string
  called from src/prelude.1z:694: print
  called from tests/integration/error_frames_cross_file.1z:7: print-line
  called from tests/integration/error_frames_cross_file.1z:8: say
