Stack: [ B{ 0x48 0x65 0x6C 0x6C 0x6F } B{ 0x48 0x65 0x6C 0x6C 0x6F } ]
Stack: [ B{ 0x48 0x65 0x6C 0x6C 0x6F } B{ 0x48 0x65 0x6C 0x6C 0x6F } ]
PASS: round-trip B{ 72 101 108 108 111 }
Stack: [ ]
Stack: [ B{ } ]
PASS: zero length returns empty byte-array
Stack: [ ]
Stack: [ B{ 0x0A 0x14 0x1E } ]
PASS: partial copy of 3 bytes
Stack: [ ]
PASS: IndexOutOfBounds
Stack: [ ]
PASS: TypeMismatch
Stack: [ ]
