tests/fixtures/lint/lint-suppress-unknown.1z:1:42: warning: [unknown-suppressed-rule] lint-suppress names no lint rule: no-such-rule
tests/fixtures/lint/lint-suppress-unknown.1z:4:33: info: [dead-definition] definition is not referenced by any other checked-file word
tests/fixtures/lint/lint-suppress-unknown.1z:7:35: info: [dead-definition] definition is not referenced by any other checked-file word
