=== non-primary-worker policy ===
Stack: [ ]
Stack: [ ]
Stack: [ ]
Stack: [ ]
Stack: [ ]
PASS: load-file from non-primary worker throws
Stack: [ ]
PASS: reload from non-primary worker throws
Stack: [ ]
PASS: load (cache miss) from non-primary worker throws
Stack: [ ]
PASS: load on primary returns a module
Stack: [ ]
