=== word-markers on unmarked words ===
Stack: [ ]
Stack: [ ]
PASS: unmarked word has no markers
Stack: [ ]
=== word-markers on words with markers ===
Stack: [ ]
Stack: [ ]
Stack: [ ]
PASS: single marker count
Stack: [ ]
PASS: marker identity preserved
Stack: [ ]
=== word-markers with multiple markers ===
Stack: [ ]
Stack: [ ]
Stack: [ ]
Stack: [ ]
Stack: [ ]
PASS: multiple marker count
Stack: [ ]
PASS: mk1 in markers
Stack: [ ]
PASS: mk2 in markers
Stack: [ ]
PASS: mk3 in markers
Stack: [ ]
=== word-markers on native words ===
Stack: [ ]
PASS: native word has no markers
Stack: [ ]
PASS: native + has no markers
Stack: [ ]
=== native? predicate ===
Stack: [ ]
PASS: dup is native
Stack: [ ]
PASS: + is native
Stack: [ ]
PASS: word-markers is a prelude wrapper
Stack: [ ]
PASS: user-defined word is not native
Stack: [ ]
PASS: marked user-defined word is not native
Stack: [ ]
PASS: native? on missing word
Stack: [ ]
=== word-markers error handling ===
Stack: [ ]
PASS: non-existent word error
Stack: [ ]
PASS: integer as word name error
Stack: [ ]
=== Markers preserved through module load ===
Stack: [ ]
Stack: [ ]
Stack: [ ]
PASS: imported plain word has no markers
Stack: [ ]
PASS: imported single-marked has one marker
Stack: [ ]
PASS: imported multi-marked has two markers
Stack: [ ]
=== Marker identity through module ===
Stack: [ ]
PASS: marker identity in module scope
Stack: [ ]
PASS: marker identity preserved through import
Stack: [ ]
PASS: my-lib-marker in multi-marked
Stack: [ ]
