=== fresh allocation ===
Stack: [ ]
Stack: [ ]
Stack: [ M{ } ]
Stack: [ ]
Stack: [ M{ } ]
Stack: [ f ]
PASS: M{} in parse-time allocates fresh
Stack: [ ]
Stack: [ ]
Stack: [ V{ } ]
Stack: [ ]
Stack: [ V{ } ]
Stack: [ 0 ]
PASS: V{} in parse-time allocates fresh
Stack: [ ]
=== consecutive definitions ===
Stack: [ ]
Stack: [ ]
Stack: [ ]
PASS: color:red predicate
Stack: [ ]
PASS: shape:circle predicate
Stack: [ ]
Stack: [ ]
Stack: [ ]
PASS: meters wrap/unwrap
Stack: [ ]
PASS: seconds wrap/unwrap
Stack: [ ]
Stack: [ ]
Stack: [ ]
Stack: [ ]
PASS: method on fixnum
Stack: [ ]
PASS: method on string
Stack: [ ]
Stack: [ ]
Stack: [ ]
PASS: proto-a exists
Stack: [ ]
PASS: proto-b exists
Stack: [ ]
