=== delegated re-entry into an in-flight load ===
Stack: [ ]
REENTRY-OUTER-START
REENTRY-INNER
Stack: [ <error load-in-flight: load in flight: ./reentry_outer.1z is loading on main, re-entered on task[2]: fixtures/reentry_outer.1z -> ./reentry_inner.1z -> ./reentry_outer.1z [fixtures/reentry_outer.1z:6:task-scope <- src/prelude.1z:328:load-file <- src/prelude.1z:329:if <- tests/integration/module_load_in_flight.1z:12:recover]> ]
Stack: [ <error load-in-flight: load in flight: ./reentry_outer.1z is loading on main, re-entered on task[2]: fixtures/reentry_outer.1z -> ./reentry_inner.1z -> ./reentry_outer.1z [fixtures/reentry_outer.1z:6:task-scope <- src/prelude.1z:328:load-file <- src/prelude.1z:329:if <- tests/integration/module_load_in_flight.1z:12:recover]> load-in-flight: ]
PASS: a delegated re-entry is not reported as a cycle
Stack: [ <error load-in-flight: load in flight: ./reentry_outer.1z is loading on main, re-entered on task[2]: fixtures/reentry_outer.1z -> ./reentry_inner.1z -> ./reentry_outer.1z [fixtures/reentry_outer.1z:6:task-scope <- src/prelude.1z:328:load-file <- src/prelude.1z:329:if <- tests/integration/module_load_in_flight.1z:12:recover]> ]
Stack: [ "load in flight: ./reentry_outer.1z is loading on main, re-entered on task[2]: fixtures/reentry_outer.1z -> ./reentry_inner.1z -> ./reentry_outer.1z" ]
Stack: [ "load in flight: ./reentry_outer.1z is loading on main, re-entered on task[2]: fixtures/reentry_outer.1z -> ./reentry_inner.1z -> ./reentry_outer.1z" "load in flight: ./reentry_outer.1z is loading on main, re-entered on task[2]: fixtures/reentry_outer.1z -> ./reentry_inner.1z -> ./reentry_outer.1z" ]
PASS: the message names the module, both owners, and the chain
Stack: [ ]
=== an ordinary cycle through a task-scope ===
Stack: [ ]
REENTRY-SCOPE-OUTER-START
Stack: [ <error load-in-flight: load in flight: ./reentry_scope_outer.1z is loading on main, re-entered on task[1]: fixtures/reentry_scope_outer.1z -> ./reentry_scope_a.1z -> ./reentry_scope_outer.1z [fixtures/reentry_scope_outer.1z:7:task-scope <- src/prelude.1z:328:load-file <- src/prelude.1z:329:if <- tests/integration/module_load_in_flight.1z:31:recover]> ]
Stack: [ <error load-in-flight: load in flight: ./reentry_scope_outer.1z is loading on main, re-entered on task[1]: fixtures/reentry_scope_outer.1z -> ./reentry_scope_a.1z -> ./reentry_scope_outer.1z [fixtures/reentry_scope_outer.1z:7:task-scope <- src/prelude.1z:328:load-file <- src/prelude.1z:329:if <- tests/integration/module_load_in_flight.1z:31:recover]> load-in-flight: ]
PASS: a cycle whose middle load sits in a scope reads as a re-entry
Stack: [ <error load-in-flight: load in flight: ./reentry_scope_outer.1z is loading on main, re-entered on task[1]: fixtures/reentry_scope_outer.1z -> ./reentry_scope_a.1z -> ./reentry_scope_outer.1z [fixtures/reentry_scope_outer.1z:7:task-scope <- src/prelude.1z:328:load-file <- src/prelude.1z:329:if <- tests/integration/module_load_in_flight.1z:31:recover]> ]
Stack: [ "load in flight: ./reentry_scope_outer.1z is loading on main, re-entered on task[1]: fixtures/reentry_scope_outer.1z -> ./reentry_scope_a.1z -> ./reentry_scope_outer.1z" ]
Stack: [ "load in flight: ./reentry_scope_outer.1z is loading on main, re-entered on task[1]: fixtures/reentry_scope_outer.1z -> ./reentry_scope_a.1z -> ./reentry_scope_outer.1z" "load in flight: ./reentry_scope_outer.1z is loading on main, re-entered on task[1]: fixtures/reentry_scope_outer.1z -> ./reentry_scope_a.1z -> ./reentry_scope_outer.1z" ]
PASS: the chain names the module the cycle passed through
Stack: [ ]
=== a cycle on the borrowing task is still a cycle ===
Stack: [ ]
Stack: [ [ "fixtures/reentry_cycle_outer.1z" load ] ]
REENTRY-CYCLE-OUTER-START
PASS: the borrower's own cycle keeps the cycle diagnostic
Stack: [ ]
