=== ndarray construction ===
Stack: [ ]
PASS: make 1D ndarray
Stack: [ ]
PASS: make 2D ndarray
Stack: [ ]
PASS: make 3D ndarray
Stack: [ ]
=== ndarray shape and rank ===
Stack: [ ]
PASS: 1D shape
Stack: [ ]
PASS: 2D shape
Stack: [ ]
PASS: 2D rank
Stack: [ ]
PASS: 1D rank
Stack: [ ]
PASS: 3D rank
Stack: [ ]
=== ndarray element type detection ===
Stack: [ ]
PASS: fixnum element-type
Stack: [ ]
PASS: float element-type
Stack: [ ]
=== ndarray homogeneity validation ===
Stack: [ ]
PASS: mixed types rejected
Stack: [ ]
=== ndarray? predicate ===
Stack: [ ]
PASS: ndarray? on ndarray
Stack: [ ]
PASS: ndarray? on array
Stack: [ ]
PASS: ndarray? on fixnum
Stack: [ ]
=== ndarray reshape ===
Stack: [ ]
PASS: reshape 2x3 to 3x2
Stack: [ ]
PASS: reshape 2x3 to flat
Stack: [ ]
PASS: reshape flat to 2x3
Stack: [ ]
PASS: reshape size mismatch
Stack: [ ]
=== ndarray construction validation ===
Stack: [ ]
PASS: data/shape mismatch
Stack: [ ]
PASS: empty shape rejected
Stack: [ ]
=== ndarray #len ===
Stack: [ ]
PASS: 1D #len
Stack: [ ]
PASS: 2D #len
Stack: [ ]
PASS: 3D #len
Stack: [ ]
=== ndarray #nth ===
Stack: [ ]
PASS: 1D #nth first
Stack: [ ]
PASS: 1D #nth last
Stack: [ ]
PASS: 2D #nth first
Stack: [ ]
PASS: 2D #nth last
Stack: [ ]
PASS: #nth negative index
Stack: [ ]
PASS: #nth index == #len
Stack: [ ]
=== ndarray ref ===
Stack: [ ]
PASS: 1D ref first
Stack: [ ]
PASS: 1D ref last
Stack: [ ]
PASS: 2D ref (0,0)
Stack: [ ]
PASS: 2D ref (1,2)
Stack: [ ]
PASS: 3D ref first
Stack: [ ]
PASS: 3D ref last
Stack: [ ]
PASS: ref wrong index length
Stack: [ ]
PASS: ref negative index
Stack: [ ]
PASS: ref out of bounds
Stack: [ ]
=== ndarray ref2d ===
Stack: [ ]
PASS: ref2d (0,0)
Stack: [ ]
PASS: ref2d (1,2)
Stack: [ ]
PASS: ref2d on 1D
Stack: [ ]
=== ndarray ref3d ===
Stack: [ ]
PASS: ref3d (0,0,0)
Stack: [ ]
PASS: ref3d (1,2,1)
Stack: [ ]
PASS: ref3d on 2D
Stack: [ ]
