Stack: [ ]
=== protocol bound parses and round-trips through stack-effect rendering ===
Stack: [ ]
Stack: [ ]
Stack: [ "( x: doubleable -- y: doubleable )" ]
PASS: rendering
Stack: [ ]
=== introspection field surfaces the protocol descriptor ===
Stack: [ ]
Stack: [ stack-effect-param{ name: "x" row-variable?: f nested-effect: f type-annotation: <protocol-descriptor:doubleable> } ]
PASS: annotation is doubleable
Stack: [ ]
=== output position is treated symmetrically ===
Stack: [ ]
Stack: [ stack-effect-param{ name: "y" row-variable?: f nested-effect: f type-annotation: <protocol-descriptor:doubleable> } ]
PASS: output annotation is doubleable
Stack: [ ]
=== non-protocol annotation still resolves as a type ===
Stack: [ ]
Stack: [ ]
Stack: [ stack-effect-param{ name: "n" row-variable?: f nested-effect: f type-annotation: <type:fixnum> } ]
PASS: concrete annotation still a type
Stack: [ ]
=== introspection accessors discriminate protocol-bound from type-bound ===
Stack: [ ]
Stack: [ stack-effect-param{ name: "x" row-variable?: f nested-effect: f type-annotation: <protocol-descriptor:doubleable> } ]
PASS: protocol-bound input is protocol-bound?
Stack: [ stack-effect-param{ name: "x" row-variable?: f nested-effect: f type-annotation: <protocol-descriptor:doubleable> } ]
PASS: protocol-bound input is not type-bound?
Stack: [ ]
Stack: [ stack-effect-param{ name: "n" row-variable?: f nested-effect: f type-annotation: <type:fixnum> } ]
PASS: type-bound input is type-bound?
Stack: [ stack-effect-param{ name: "n" row-variable?: f nested-effect: f type-annotation: <type:fixnum> } ]
PASS: type-bound input is not protocol-bound?
Stack: [ ]
=== protocol-info>> yields the same shape as `>word-info protocol>>` ===
Stack: [ ]
Stack: [ protocol-info{ name: "doubleable" methods: { *: ( a: self b: self -- c: self ) } protocol_id: 3 } ]
PASS: protocol-info>> returns a struct on a protocol-bound input
Stack: [ protocol-info{ name: "doubleable" methods: { *: ( a: self b: self -- c: self ) } protocol_id: 3 } ]
PASS: protocol-info>> name is doubleable
Stack: [ protocol-info{ name: "doubleable" methods: { *: ( a: self b: self -- c: self ) } protocol_id: 3 } ]
PASS: protocol-info>> protocol_id is a fixnum
Stack: [ ]
Stack: [ protocol-info{ name: "doubleable" methods: { *: ( a: self b: self -- c: self ) } protocol_id: 3 } ]
PASS: protocol-info>> works symmetrically on outputs
Stack: [ ]
=== protocol-info>> is f on a concrete-typed parameter ===
Stack: [ ]
Stack: [ f ]
PASS: protocol-info>> is f on a type-bound input
Stack: [ ]
=== `|` mixing a protocol and a type parses as a constraint combination ===
Stack: [ ]
Stack: [ ]
PASS: mixed union annotation parses and defines a word
Stack: [ ]
=== `&` intersection of two protocols parses ===
Stack: [ ]
Stack: [ ]
Stack: [ ]
PASS: intersection annotation parses and defines a word
Stack: [ ]
