Stack: [ ]
Stack: [ ]
Stack: [ { 1 2 3 4 } ]
PASS: array #append length
Stack: [ { 1 2 3 4 } ]
PASS: array #append elem 0
Stack: [ { 1 2 3 4 } ]
PASS: array #append elem 1
Stack: [ { 1 2 3 4 } ]
PASS: array #append elem 2
Stack: [ { 1 2 3 4 } ]
PASS: array #append elem 3
Stack: [ ]
PASS: array #append with empty right
Stack: [ ]
PASS: array #append with empty left
Stack: [ ]
PASS: array #append both empty
Stack: [ ]
PASS: string #append
Stack: [ ]
PASS: string #append with empty right
Stack: [ ]
PASS: string #append with empty left
Stack: [ ]
PASS: string #append both empty
Stack: [ ]
PASS: #append type mismatch error
Stack: [ ]
Stack: [ { 1 2 3 4 } ]
PASS: array #prepend length
Stack: [ { 1 2 3 4 } ]
PASS: array #prepend elem 0
Stack: [ { 1 2 3 4 } ]
PASS: array #prepend elem 1
Stack: [ { 1 2 3 4 } ]
PASS: array #prepend elem 2
Stack: [ { 1 2 3 4 } ]
PASS: array #prepend elem 3
Stack: [ ]
PASS: array #prepend with empty right
Stack: [ ]
PASS: array #prepend with empty left
Stack: [ ]
PASS: string #prepend
Stack: [ ]
Stack: [ { 20 30 40 } ]
PASS: array #slice length
Stack: [ { 20 30 40 } ]
PASS: array #slice elem 0
Stack: [ { 20 30 40 } ]
PASS: array #slice elem 1
Stack: [ { 20 30 40 } ]
PASS: array #slice elem 2
Stack: [ ]
PASS: array #slice full
Stack: [ ]
PASS: array #slice empty (start=end)
Stack: [ ]
PASS: array #slice empty middle
Stack: [ ]
PASS: string #slice first word
Stack: [ ]
PASS: string #slice second word
Stack: [ ]
PASS: string #slice middle
Stack: [ ]
PASS: #slice end out of bounds error
Stack: [ ]
PASS: #slice negative start error
Stack: [ ]
PASS: #slice start > end error
Stack: [ ]
Stack: [ { 1 2 3 4 } ]
PASS: array #suffix length
Stack: [ { 1 2 3 4 } ]
PASS: array #suffix elem 0
Stack: [ { 1 2 3 4 } ]
PASS: array #suffix elem 3
Stack: [ { 1 2 3 4 } ]
Stack: [ ]
Stack: [ { 42 } ]
PASS: empty array #suffix length
Stack: [ { 42 } ]
PASS: empty array #suffix value
Stack: [ ]
Stack: [ ]
Stack: [ ]
PASS: #suffix immutability
Stack: [ ]
PASS: array #suffix string
Stack: [ ]
PASS: array #suffix nested array
Stack: [ ]
Stack: [ { 0 1 2 3 } ]
PASS: array #prefix length
Stack: [ { 0 1 2 3 } ]
PASS: array #prefix elem 0
Stack: [ { 0 1 2 3 } ]
PASS: array #prefix elem 1
Stack: [ { 0 1 2 3 } ]
PASS: array #prefix elem 3
Stack: [ ]
Stack: [ { 99 } ]
PASS: empty array #prefix length
Stack: [ { 99 } ]
PASS: empty array #prefix value
Stack: [ ]
Stack: [ ]
Stack: [ ]
PASS: #prefix immutability
Stack: [ ]
Stack: [ { 1 2 3 } ]
PASS: chained #suffix length
Stack: [ { 1 2 3 } ]
PASS: chained #suffix first
Stack: [ { 1 2 3 } ]
PASS: chained #suffix last
Stack: [ ]
Stack: [ { 3 } ]
Stack: [ { 2 3 } ]
Stack: [ { 1 2 3 } ]
PASS: chained #prefix length
Stack: [ { 1 2 3 } ]
PASS: chained #prefix first
Stack: [ { 1 2 3 } ]
PASS: chained #prefix last
Stack: [ ]
Stack: [ { 3 4 5 } ]
PASS: append then slice length
Stack: [ { 3 4 5 } ]
PASS: append then slice first
Stack: [ { 3 4 5 } ]
PASS: append then slice last
Stack: [ ]
PASS: slice then append
Stack: [ ]
Stack: [ { 10 20 30 40 } ]
PASS: map then append length
Stack: [ { 10 20 30 40 } ]
PASS: map then append first
Stack: [ { 10 20 30 40 } ]
PASS: map then append last
Stack: [ ]
All additional sequence ops tests complete!
Stack: [ ]
