Stack: [ ]
Stack: [ ]
Stack: [ ]
Stack: [ ]
Stack: [ ]
PASS: sleep then push returns correct result
Stack: [ ]
PASS: sleep 0 returns immediately
Stack: [ ]
PASS: shorter sleep finishes first
PASS: longer sleep finishes second
Stack: [ ]
PASS: sleeping task cancelled when sibling fails
Stack: [ ]
PASS: negative sleep raises error
Stack: [ ]
