=== define-parameterized-type ===
Stack: [ ]
Stack: [ ]
Stack: [ <array(fixnum) { 1 2 3 }> ]
PASS: type-of returns parameterized type name
Stack: [ ]
PASS: array(fixnum)? on typed array is true
Stack: [ ]
PASS: array(fixnum)? on plain array is false
Stack: [ ]
PASS: array(fixnum)? on fixnum is false
Stack: [ ]
PASS: unmake-array(fixnum) unwraps to raw array
Stack: [ ]
PASS: error
Stack: [ ]
Stack: [ <array(fixnum) { }> ]
PASS: empty array wraps as typed array
Stack: [ ]
Stack: [ <array(fixnum) { 1 "hello" 3 }> ]
PASS: make- bypasses element validation
Stack: [ ]
=== custom naming ===
Stack: [ ]
Stack: [ ]
Stack: [ <fixnum-array { 10 20 }> ]
PASS: custom parameterized type name works
Stack: [ ]
=== sequence ops on typed arrays ===
Stack: [ ]
PASS: #len on typed array
Stack: [ ]
PASS: #nth on typed array
Stack: [ ]
PASS: #first on typed array
Stack: [ ]
PASS: #last on typed array
Stack: [ ]
PASS: #each on typed array
Stack: [ ]
PASS: #map on typed array
Stack: [ ]
PASS: #filter on typed array
Stack: [ ]
PASS: >iterator on typed array
Stack: [ ]
=== instance-of? with base type ===
Stack: [ ]
PASS: typed array is instance-of base type
Stack: [ ]
PASS: typed array is not instance-of element type
Stack: [ ]
=== numeric tower promotion ===
Stack: [ ]
Stack: [ ]
Stack: [ ]
Stack: [ <array(float) { 1.0 2.0 3.0 }> ]
PASS: fixnum elements promote to array(float)
Stack: [ ]
Stack: [ <array(float) { 1.0 2.0 3.0 }> ]
PASS: mixed fixnum/float promote to array(float)
Stack: [ ]
Stack: [ "float" ]
PASS: promoted fixnum element becomes float
Stack: [ ]
Stack: [ <array(bignum) { 1 2 3 }> ]
PASS: fixnum elements promote to array(bignum)
Stack: [ ]
Stack: [ "bignum" ]
PASS: promoted fixnum element becomes bignum
Stack: [ ]
PASS: error
Stack: [ ]
PASS: error
Stack: [ ]
=== nested parameterized types ===
Stack: [ ]
Stack: [ ]
Stack: [ <array(array(fixnum)) { <array(fixnum) { 1 2 }> <array(fixnum) { 3 4 }> }> ]
PASS: nested parameterized types work
Stack: [ ]
