Stack: [ ]
Stack: [ ]
=== watcher type and probe ===
Stack: [ ]
PASS: <event-watcher> returns watcher virtual type
Stack: [ ]
PASS: supports-event-watch? succeeds on watched file
Stack: [ ]
=== next-event translates native events ===
Stack: [ ]
PASS: file write produces modified event
PASS: next-event preserves watched path
Stack: [ ]
=== polling watcher translates file changes ===
Stack: [ ]
PASS: polling watcher reports modified event
PASS: polling watcher preserves watched path
Stack: [ ]
=== using-watcher closes on exit ===
Stack: [ ]
PASS: using-watcher closes returned watcher value
Stack: [ ]
=== each forwards events to callback ===
Stack: [ ]
PASS: each forwards modified event
PASS: each forwards watched path
Stack: [ ]
=== polling using-watcher closes on exit ===
Stack: [ ]
PASS: using-watcher closes returned polling watcher value
Stack: [ ]
=== add-watch-recursive with subdirs ===
Stack: [ ]
PASS: add-watch-recursive returns one id per directory
Stack: [ ]
=== add-watch-recursive on flat dir ===
Stack: [ ]
PASS: add-watch-recursive on flat dir returns one id
Stack: [ ]
=== debounced-each delivers events ===
Stack: [ ]
PASS: debounced-each delivers modified event
PASS: debounced-each preserves watched path
Stack: [ ]
