Stack: [ ]
=== Native Primitives ===
#append ( seq1 seq2 -- seq )
#append! ( vec seq -- vec )
#collect ( iterator -- array )
#count ( iterator -- n )
#drop ( seq n -- seq' )
#each ( seq quot: ( elem -- ) -- )
#each-index ( seq quot: ( elem idx -- ) -- )
#empty? ( seq -- ? )
#ends-with? ( seq suffix -- ? )
#filter ( seq quot: ( elem -- ? ) -- seq' )
#first ( seq -- elem )
#in? ( seq elem -- ? )
#index-of ( seq elem -- n/f )
#index-of-from ( str needle start -- n/f )
#last ( seq -- elem )
#len ( seq -- n )
#map ( seq quot: ( elem -- elem' ) -- seq' )
#next ( iterator -- value )
#nth ( seq n -- elem )
#nth! ( seq n value -- seq )
#peek ( byte-array offset width -- fixnum )
#poke! ( byte-array offset value width -- byte-array )
#pop ( seq -- seq' elem )
#pop! ( vec -- vec elem )
#prepend ( seq1 seq2 -- seq )
#push ( seq elem -- seq' )
#push! ( vec elem -- vec )
#reduce ( seq init quot: ( acc elem -- acc' ) -- value )
#reduce-index ( seq init quot: ( acc elem idx -- acc' ) -- value )
#shift ( seq -- seq' elem )
#shift! ( vec -- vec elem )
#slice ( seq start end -- subseq )
#sort ( seq quot: ( a b -- ? ) -- array )
#sort-by ( seq quot: ( elem -- key ) -- array )
#starts-with? ( seq prefix -- ? )
#take ( seq n -- seq' )
#unshift ( seq elem -- seq' )
#unshift! ( vec elem -- vec )
% ( a b -- a%b )
( ( -- stack-effect )
(=) ( a b -- ? )
* ( a b -- a*b )
*% ( a b -- a*b )
+ ( a b -- a+b )
+% ( a b -- a+b )
- ( a b -- a-b )
-% ( a b -- a-b )
/ ( a b -- a/b )
1array ( elem -- array )
; ( name quot -- )
< ( a b -- ? )
<buffered-channel> ( n -- ch )
<channel> ( -- ch )
<duplex-stream> ( read-fd write-fd -- stream )
<pipe> ( -- rd wr )
<rot-n ( n -- )
<string-stream> ( n -- stream )
<test-resource> ( name -- resource )
= ( a b -- ? )
> ( a b -- ? )
>array ( container -- array )
>byte-array ( value -- value )
>bytes ( string -- byte-array )
>char ( codepoint -- str )
>codepoint ( str -- int )
>float ( x -- f )
>hash ( container -- hash )
>integer ( f -- n )
>module ( name hashtable -- module )
>quotation ( name -- quotation )
>string ( value -- string )
>string-base ( n base -- str )
>symbol ( value -- symbol )
>template ( string -- template )
@adjoin ( set value -- set' )
@difference ( set1 set2 -- set' )
@get ( assoc key -- value )
@get-or ( assoc key default -- value )
@has? ( assoc key -- ? )
@in? ( set value -- ? )
@intersection ( set1 set2 -- set' )
@keys ( assoc -- array )
@remove ( set value -- set' )
@remove! ( mmap key -- mmap )
@set ( assoc key value -- assoc' )
@set! ( mmap key value -- mmap )
@union ( set1 set2 -- set' )
@values ( assoc -- array )
abs ( n -- n )
add-load-path ( path -- )
any ( -- marker )
apply-n ( x1..xn quot: ( x -- ..results ) n -- ..results )
array-n ( ...elems n -- array )
assert-satisfies ( type-sym constraint -- )
await ( task -- value )
await-all ( array -- array )
await-terminal ( task -- )
benchmark ( quot -- hash )
benchmark-auto ( report label quot -- report )
benchmark-n ( report label n quot -- report )
benchmark-run ( report label quot -- report )
bind ( fd addr -- )
bitand ( a b -- a&b )
bitnot ( a -- ~a )
bitor ( a b -- a|b )
bitxor ( a b -- a^b )
branch-combinator ( -- marker )
buffering-mode ( stream -- symbol )
bytes> ( byte-array -- string )
call ( ..a quot: ( ..a -- ..b ) -- ..b )
cancel-task ( task -- )
cancelled? ( -- bool )
cleanup ( body-quot cleanup-quot -- )
clear-signal-handler ( signal -- )
clock-monotonic ( -- sec nsec )
clock-realtime ( -- sec nsec )
close-channel ( ch -- )
command-line-args ( -- args )
compile! ( sym -- )
compose ( quot1 quot2 -- quot' )
const ( -- marker )
container-limits ( -- hash )
copy-file ( src dst -- )
create-directory ( path -- )
create-symlink ( target link-path -- )
curry ( x quot -- quot' )
define-builtin-type ( name descriptor markers -- )
define-enum ( name descriptor markers -- )
define-ffi-struct ( name descriptor markers -- )
define-method ( name descriptor markers -- )
define-parameter ( name descriptor markers -- )
define-parameterized-type ( name descriptor markers -- )
define-protocol ( name descriptor markers -- )
define-struct ( name descriptor markers -- )
define-virtual ( name descriptor markers -- )
delete-directory ( path -- )
delete-file ( path -- )
deprecated ( -- marker )
dip ( ..a x quot: ( ..a -- ..b ) -- ..b x )
div ( a b -- q )
drop ( a -- )
drop-n ( x1..xn n -- )
dup ( a -- a a )
dynamic-compile ( -- marker )
dynamic-eval ( -- marker )
dynamic-load ( -- marker )
dynamic-quotation-construction ( -- marker )
emit-call ( symbol -- )
enum-of ( val -- str/f )
enum-variants ( symbol -- array )
environ ( -- hash )
eval-string ( string -- )
export ( name -- )
f ( -- f )
fd-close ( fd -- )
fd>stream ( fd -- stream )
file-info ( path -- hash )
float-parts ( f -- mantissa exponent sign )
freeze ( vector -- array )
gcd ( a b -- gcd )
generic ( -- marker )
get ( param -- value )
get-signal-handler ( signal -- quot/f )
if ( ..a ? true-quot: ( ..a -- ..b ) false-quot: ( ..a -- ..b ) -- ..b )
import ( module -- )
inet-pton ( family str -- bytes )
inspect ( value -- string )
instance-of? ( val type -- ? )
interpolate ( source template -- string )
interpreter-dependent ( -- marker )
list-directory ( path -- array )
load-file ( cache filename -- module )
loop-combinator ( -- marker )
lowercase ( str -- str )
make-benchmark-report ( -- report )
make-byte-array ( quotation -- byte-array )
make-error ( data message type -- error )
make-hash ( quotation -- hash )
make-marker ( -- marker )
make-mutable-map ( quotation -- mmap )
make-parameter ( name quot -- param )
make-range-iter ( start end step infinite? -- iterator )
make-set ( quotation -- set )
make-vector ( quotation -- vector )
multiplexer-stats ( -- hash )
mutable ( -- marker )
never-returns ( -- marker )
nip-n ( ...x1..xn y n -- y )
no-compile ( -- marker )
over ( a b -- a b a )
parse-literal ( -- value )
parse-time ( -- marker )
parse-time-only ( -- marker )
parse-token ( -- string )
parse-tokens-until ( delimiter -- array )
parse-types-until ( delimiter -- array )
parse-until ( delimiter -- quotation )
parse-values-until ( delimiter -- array )
path-exists? ( path -- bool )
peek-token ( -- string )
pick-n ( n -- val )
pragma-def{ ( -- )
pragma? ( name -- ? )
pragma{ ( -- )
print-benchmark-report ( report -- )
read-symlink ( path -- target-path )
receive ( ch -- val )
recover ( try-quot recover-quot: ( error -- ..a ) -- )
register-pragma ( name validator -- )
reload-file ( cache filename -- module )
rem ( a b -- r )
rename-path ( old new -- )
resolve ( addr -- addrs )
resolve-literal ( string -- value ? )
resource-close ( resource -- )
resource? ( val -- bool )
rethrow ( error -- )
rot-n> ( n -- )
sandbox{ ( -- sandbox-spec )
satisfies? ( type-sym constraint -- ? )
select ( array -- val ch )
self ( -- marker )
send ( val ch -- )
set-buffering-mode ( stream symbol -- )
set-permissions ( path mode -- )
set-signal-handler ( signal quot -- )
shadow-ok ( -- marker )
shift ( n count -- n' )
shift-left ( n count -- n' )
shift-right ( n count -- n' )
sleep ( duration -- )
sock-const ( str -- n )
socket ( addr -- fd )
spawn ( quot -- task )
spawn-named ( quot name -- task )
stack-recursive ( -- marker )
stderr ( -- stream )
stdin ( -- stream )
stdout ( -- stream )
stream-close ( stream -- )
stream-flush ( stream -- )
stream-open ( path mode -- stream )
stream-read ( stream n -- bytes )
stream-read-all ( stream -- bytes )
stream-read-line ( stream -- str/f )
stream-seek ( stream pos -- )
stream-seek-end ( stream offset -- )
stream-tell ( stream -- pos )
stream-write ( stream bytes -- n )
stream>fd ( stream -- int )
swap ( a b -- b a )
sys-exit ( code -- )
sys-info ( -- hash )
t ( -- t )
task-scope ( quot -- )
task-self ( -- task )
task-stack-peak ( -- n )
throw ( error -- )
try-receive ( ch -- val/f ? )
type-of ( val -- type )
typed ( -- marker )
tz-decompose ( sec tz-name -- year month-num day hour min sec wday yday gmtoff tz-abbrev )
udp-recv ( fd maxlen -- data )
udp-recvfrom ( fd maxlen -- data host port )
udp-send ( fd data -- n )
udp-sendto ( fd data addr -- n )
unchecked-match ( val branches -- ... )
uppercase ( str -- str )
ushift-right ( n count -- n' )
watcher-add ( watcher path flags -- watch-id )
watcher-create ( mode -- watcher )
watcher-probe ( path -- bool )
watcher-read ( watcher -- event )
watcher-remove ( watcher watch-id -- )
wipe ( ... -- )
with-isolation ( quot -- )
with-parameter ( value param quot -- )
with-sandbox ( sandbox-spec quot -- )
with-timeout ( quot duration -- value )
yield ( -- )

=== User-Defined Words ===
#all ( seq quot -- ? )
#any ( seq quot -- ? )
#first? ( seq -- option )
#last? ( seq -- option )
#next? ( iter -- option )
#none ( seq quot -- ? )
#nth? ( seq n -- option )
#resize! ( seq n fill -- seq )
(raw>constraint-info)
(raw>opcode-info) ( raw -- opcode-info )
(raw>word-info)
(stream-read-exact-step) ( stream acc n -- bytes )
(stream-write-exact-step) ( stream total remaining -- n )
++ ( a1 -- a2 )
-- ( a1 -- a2 )
-@ ( a -- -a )
-inf ( -- f )
-rot> ( a b c -- c a b )
. ( a -- )
... ( seq -- ...elems )
/= ( a b -- ? )
0? ( a -- ? )
1apply ( ..a x quot: ( ..a x -- ..b ) -- ..b )
1check ( a quot -- a )
2apply ( ..a x y quot: ( ..a x -- ..b ) -- ..b )
2dip ( ..a x y quot: ( ..a -- ..b ) -- ..b x y )
2drop ( a b -- )
2dup ( a b -- a b a b )
2keep ( ..a x y quot: ( ..a x y -- ..b ) -- ..b x y )
2nip ( a b c -- c )
2over ( a b c d -- a b c d a b )
2swap ( a b c d -- c d a b )
3apply ( ..a x y z quot: ( ..a x -- ..b ) -- ..b )
3dip ( ..a x y z quot: ( ..a -- ..b ) -- ..b x y z )
3drop ( a b c -- )
3dup ( a b c -- a b c a b c )
3keep ( ..a x y z quot: ( ..a x y z -- ..b ) -- ..b x y z )
3nip ( a b c d -- d )
4dip ( ..a w x y z quot: ( ..a -- ..b ) -- ..b w x y z )
4dup ( a b c d -- a b c d a b c d )
4keep ( ..a w x y z quot: ( ..a w x y z -- ..b ) -- ..b w x y z )
4nip ( a b c d e -- e )
5nip ( a b c d e f -- f )
6nip ( a b c d e f g -- g )
<= ( a b -- ? )
<rot- ( a b c -- b c a )
>= ( a b -- ? )
>bytes! ( drainable -- bytes )
>constraint-info ( hash -- constraint-info )
>descriptor-variant ( hash -- descriptor-variant )
>dispatch-provenance ( hash -- dispatch-provenance )
>iterator ( seq-or-quot -- iterator )
>iterator(with-cleanup) ( step-quot cleanup-quot -- iterator )
>method-info ( hash -- method-info )
>on ( symbol -- on )
>opcode-info ( hash -- opcode-info )
>option ( symbol -- option )
>option-payload ( hash -- option-payload )
>option:some ( value -- option:some )
>ordering ( symbol -- ordering )
>provenance ( hash -- provenance )
>result ( symbol -- result )
>result-error ( hash -- result-error )
>result-value ( hash -- result-value )
>result:err ( error -- result:err )
>result:ok ( value -- result:ok )
>source-loc ( hash -- source-loc )
>stack-effect-info ( hash -- stack-effect-info )
>stack-effect-param ( hash -- stack-effect-param )
>string! ( drainable -- str )
>word-info ( symbol -- word-info )
>word-info? ( symbol -- option )
?and-then ( opt/res quot -- opt/res )
?flatten ( nested -- opt/res )
?map ( opt/res quot -- opt/res )
?or-else ( opt/res quot -- opt/res )
@get? ( assoc key -- option )
B{
EArityMismatch ( -- sym )
ECannotRedefineConst ( -- sym )
EDivisionByZero ( -- sym )
EFileNotFound ( -- sym )
EFileReadFailed ( -- sym )
EFixnumOverflow ( -- sym )
EIOFailed ( -- sym )
EImportConflict ( -- sym )
EIndexOutOfBounds ( -- sym )
EInvalidArgument ( -- sym )
EKeyNotFound ( -- sym )
EMissingDocComment ( -- sym )
ENoMatchingBranch ( -- sym )
ENonTailRecursion ( -- sym )
ENotComparable ( -- sym )
EStackEffectMismatch ( -- sym )
EStackOverflow ( -- sym )
EStackUnderflow ( -- sym )
ETypeMismatch ( -- sym )
EUnexpectedEOF ( -- sym )
EUnknownWord ( -- sym )
EUseAfterClose ( -- sym )
EUserRethrown ( -- sym )
EUserThrown ( -- sym )
H{
M{
S{
V{
W{
[]
acquire ( resource -- )
add-hook ( on-variant quot -- )
all-words ( -- array )
and ( ? ? -- ? )
array ( -- type )
array? ( val -- ? )
assert-no-shadow ( module names -- )
benchmark-report? ( val -- ? )
bi ( ..a x p: ( ..a x -- ..b ) q: ( ..a x -- ..c ) -- ..b ..c )
bignum ( -- type )
bignum? ( val -- ? )
bl ( -- )
body>> ( instance: word-info -- body: any )
boolean ( -- type )
boolean? ( val -- ? )
borrowed? ( val -- ? )
byte-array ( -- type )
byte-array? ( val -- ? )
bytes-alloc ( n -- byte-array )
bytes-alloc-ptr ( n -- byte-array ptr )
bytes-resize! ( byte-array n -- byte-array )
bytes>ffi-ptr ( byte-array -- byte-array ptr )
case ( val branches -- ... )
channel ( -- type )
choose ( a1 a2 quot -- a )
cleave ( x quots -- )
close-iterator ( iterator -- )
cmp ( a b -- ordering )
column>> ( instance: source-loc -- column: fixnum )
comparable
compiled?>> ( instance: word-info -- compiled?: boolean )
cond ( branches -- ... )
constraint ( -- type )
constraint-element-name ( element -- string )
constraint-info ( -- type )
constraint-info>> ( stack-effect-param -- constraint-info )
constraint-info>hash ( constraint-info -- hash )
constraint-info? ( val -- ? )
defined? ( name -- bool )
descriptor-exact? ( descriptor -- ? )
descriptor-ffi-layout? ( descriptor -- option )
descriptor-field-types? ( descriptor -- option )
descriptor-fields? ( descriptor -- option )
descriptor-inner-type? ( descriptor -- option )
descriptor-integer? ( descriptor -- ? )
descriptor-kind ( descriptor -- symbol )
descriptor-mutable? ( descriptor -- ? )
descriptor-numeric? ( descriptor -- ? )
descriptor-parent? ( descriptor -- option )
descriptor-resource-kind? ( descriptor -- option )
descriptor-variant ( -- type )
descriptor-variant>hash ( descriptor-variant -- hash )
descriptor-variant? ( val -- ? )
descriptor-variants? ( descriptor -- option )
detail>> ( instance: opcode-info -- detail: any )
dispatch-provenance ( -- type )
dispatch-provenance>hash ( dispatch-provenance -- hash )
dispatch-provenance? ( val -- ? )
do ( pred body -- pred body )
doc-string ( -- type )
doc>> ( instance: word-info -- doc: any )
drop-at ( ... n -- ... )
dupd ( a b -- a a b )
elements>> ( instance: constraint-info -- elements: any )
emit ( codepoint -- )
enum{
eprint ( str -- )
eprint-line ( str -- )
error ( -- type )
error-stream ( -- param )
error-type? ( error type -- error ? )
error>> ( instance: result-error -- error )
error? ( val -- ? )
even? ( n -- ? )
exact? ( val -- ? )
ffi-ptr+len>bytes ( resource n -- byte-array )
field>> ( instance: dispatch-provenance -- field: string )
file>> ( instance: source-loc -- file: string )
finite? ( x -- ? )
fixnum ( -- type )
fixnum? ( val -- ? )
float ( -- type )
float? ( val -- ? )
flush ( -- )
fmt ( source string -- string )
fmt-line ( source string -- )
format-builtin-type-info ( desc -- str )
format-enum-type-info ( desc -- str )
format-method ( method-info -- str )
format-one-variant ( max-name-len name tname -- line )
format-struct-type-info ( desc -- str )
format-type-info ( wi -- str )
format-variant-lines ( variants max-name-len -- str )
format-virtual-type-info ( desc -- str )
format-word-info ( wi -- str )
format-word-line ( wi -- )
generated-by ( symbol -- provenance/f )
generated-words ( symbol -- array )
generator>> ( instance: provenance -- generator: string )
generic? ( name -- ? )
hash ( -- type )
hash? ( val -- ? )
help ( symbol -- )
id>> ( instance: constraint-info -- id: any )
ignore-errors ( quot -- )
import-locals ( quotation -- )
inexact? ( val -- ? )
inf ( -- f )
infinite? ( x -- ? )
input-stream ( -- param )
inputs>> ( instance: stack-effect-info -- inputs: array )
inspectable
integer? ( val -- ? )
iterator ( -- type )
iterator? ( val -- ? )
keep ( ..a x quot: ( ..a x -- ..b ) -- ..b x )
kind>> ( instance: constraint-info -- kind: symbol )
line>> ( instance: source-loc -- line: fixnum )
load ( filename -- module )
local-scope ( -- module )
loop ( ... pred: ( ... -- ... ? ) -- ... )
make-constraint-info ( name: any kind: symbol methods: any elements: any id: any -- constraint-info: constraint-info )
make-descriptor-variant ( name: symbol type: type -- descriptor-variant: descriptor-variant )
make-dispatch-provenance ( generator: string parent: string role: string field: string -- dispatch-provenance: dispatch-provenance )
make-method-info ( types: array provenance: any -- method-info: method-info )
make-opcode-info ( opcode: symbol detail: any -- opcode-info: opcode-info )
make-option-payload ( value -- option-payload: option-payload )
make-option:some ( value -- option:some )
make-provenance ( generator: string parent: string role: string -- provenance: provenance )
make-result-error ( error -- result-error: result-error )
make-result-value ( value -- result-value: result-value )
make-result:err ( error -- result:err )
make-result:ok ( value -- result:ok )
make-source-loc ( file: string line: fixnum column: fixnum -- source-loc: source-loc )
make-stack-effect-info ( inputs: array outputs: array -- stack-effect-info: stack-effect-info )
make-stack-effect-param ( name: string row-variable?: boolean nested-effect: any type-annotation: any -- stack-effect-param: stack-effect-param )
make-word-info ( name: string stack-effect: any doc: any markers: array native?: boolean body: any methods: array source-loc: any module: any provenance: any compiled?: boolean protocol: any -- word-info: word-info )
marker ( -- type )
marker? ( val -- ? )
markers>> ( instance: word-info -- markers: array )
match{
max ( a1 a2 -- a )
method-info ( -- type )
method-info>hash ( method-info -- hash )
method-info? ( val -- ? )
methods>> ( instance: constraint-info -- methods: any )
method{
min ( a1 a2 -- a )
module ( -- type )
module-cache ( -- param )
module-loaded-hooks ( -- param )
module>> ( instance: word-info -- module: any )
module? ( val -- ? )
mutable-map ( -- type )
mutable-map? ( val -- ? )
mutable? ( val -- ? )
my-test-word
name>> ( instance: descriptor-variant -- name: symbol )
nan ( -- f )
nan? ( x -- ? )
native
native? ( name -- ? )
native?>> ( instance: word-info -- native?: boolean )
negative? ( x -- ? )
nested-effect>> ( instance: stack-effect-param -- nested-effect: any )
nip ( a b -- b )
nl ( -- )
no-matching-branch ( data -- error )
not ( ? -- ? )
number? ( val -- ? )
odd? ( n -- ? )
on ( -- type )
on:exit ( -- on:exit )
on:exit? ( val -- ? )
on:module-loaded ( -- on:module-loaded )
on:module-loaded? ( val -- ? )
on:unhandled-error ( -- on:unhandled-error )
on:unhandled-error? ( val -- ? )
on:word-defined ( -- on:word-defined )
on:word-defined? ( val -- ? )
on? ( val -- ? )
opcode-info ( -- type )
opcode-info>hash ( opcode-info -- hash )
opcode-info? ( val -- ? )
opcode>> ( instance: opcode-info -- opcode: symbol )
option ( -- type )
option-payload ( -- type )
option-payload>hash ( option-payload -- hash )
option-payload? ( val -- ? )
option:none ( -- option:none )
option:none? ( val -- ? )
option:some> ( option:some -- value )
option:some>hash ( option:some -- hash )
option:some? ( val -- ? )
option? ( val -- ? )
or ( ? ? -- ? )
ordering ( -- type )
ordering:eq ( -- ordering:eq )
ordering:eq? ( val -- ? )
ordering:gt ( -- ordering:gt )
ordering:gt? ( val -- ? )
ordering:lt ( -- ordering:lt )
ordering:lt? ( val -- ? )
ordering? ( val -- ? )
output-stream ( -- param )
outputs>> ( instance: stack-effect-info -- outputs: array )
pad-right ( str width -- str )
parameter ( -- type )
parameter? ( val -- ? )
parameter{
parent>> ( instance: provenance -- parent: string )
parse-quotation ( -- quotation )
pick ( a b c -- a b c a )
positive? ( x -- ? )
pragma-get ( name -- value )
pragma-get? ( name -- option )
print ( str -- )
print-line ( str -- )
private{
protocol-bound? ( stack-effect-param -- ? )
protocol>> ( instance: word-info -- protocol: any )
protocol{
provenance ( -- type )
provenance>> ( instance: method-info -- provenance: any )
provenance>hash ( provenance -- hash )
provenance? ( val -- ? )
quotation ( -- type )
quotation-has-calls? ( quotation -- bool )
quotation>opcodes ( quotation -- array )
quotation? ( val -- ? )
read-line ( -- str/f )
receive? ( ch -- option )
reexport ( module -- )
reload ( filename -- module )
resource ( -- type )
result ( -- type )
result-error ( -- type )
result-error>hash ( result-error -- hash )
result-error? ( val -- ? )
result-value ( -- type )
result-value>hash ( result-value -- hash )
result-value? ( val -- ? )
result:err> ( result:err -- error )
result:err>hash ( result:err -- hash )
result:err? ( val -- ? )
result:ok> ( result:ok -- value )
result:ok>hash ( result:ok -- hash )
result:ok? ( val -- ? )
result? ( val -- ? )
role>> ( instance: provenance -- role: string )
row-variable?>> ( instance: stack-effect-param -- row-variable?: boolean )
run-benchmarks ( quot -- )
sandbox-spec ( -- type )
set ( -- type )
set? ( val -- ? )
source-loc ( -- type )
source-loc>> ( instance: word-info -- source-loc: any )
source-loc>hash ( source-loc -- hash )
source-loc? ( val -- ? )
stack-effect ( -- type )
stack-effect-info ( -- type )
stack-effect-info>hash ( stack-effect-info -- hash )
stack-effect-info? ( val -- ? )
stack-effect-param ( -- type )
stack-effect-param>hash ( stack-effect-param -- hash )
stack-effect-param? ( val -- ? )
stack-effect>> ( instance: word-info -- stack-effect: any )
stream ( -- type )
stream-read(exact) ( stream n -- bytes )
stream-write(exact) ( stream bytes -- n )
stream-write-string ( stream str -- n )
stream? ( val -- ? )
string ( -- type )
string? ( val -- ? )
stringable
struct-instance ( -- type )
struct-type ( -- type )
struct{
symbol ( -- type )
symbol? ( val -- ? )
tagged ( -- type )
task ( -- type )
template ( -- type )
throw-type-error ( value expected-str -- * )
times ( n quot -- )
trace-stack ( label -- label )
trace-value ( x label -- x label )
tri ( ..a x p: ( ..a x -- ..b ) q: ( ..a x -- ..c ) r: ( ..a x -- ..d ) -- ..b ..c ..d )
try ( quot -- result )
try-acquire ( resource -- option )
tuck ( a b -- b a b )
type ( -- type )
type-annotation>> ( instance: stack-effect-param -- type-annotation: any )
type-bound? ( stack-effect-param -- ? )
type-descriptor ( -- type )
type-has-property? ( val property -- ? )
type-members ( type -- array/f )
type-name ( val -- string )
type-union? ( type -- ? )
type>> ( instance: descriptor-variant -- type: type )
types>> ( instance: method-info -- types: array )
unit ( -- type )
unless ( ? quot -- )
unmake-constraint-info ( constraint-info -- name kind methods elements id )
unmake-descriptor-variant ( descriptor-variant -- name type )
unmake-dispatch-provenance ( dispatch-provenance -- generator parent role field )
unmake-method-info ( method-info -- types provenance )
unmake-opcode-info ( opcode-info -- opcode detail )
unmake-option-payload ( option-payload -- value )
unmake-option:some ( option:some -- value )
unmake-provenance ( provenance -- generator parent role )
unmake-result-error ( result-error -- error )
unmake-result-value ( result-value -- value )
unmake-result:err ( result:err -- error )
unmake-result:ok ( result:ok -- value )
unmake-source-loc ( source-loc -- file line column )
unmake-stack-effect-info ( stack-effect-info -- inputs outputs )
unmake-stack-effect-param ( stack-effect-param -- name row-variable? nested-effect type-annotation )
unmake-word-info ( word-info -- name stack-effect doc markers native? body methods source-loc module provenance compiled? protocol )
until ( ..a pred: ( ..a -- ..b ? ) body: ( ..b -- ..a ) -- ..b )
unwrap-or ( opt/res default -- value )
unwrap-or-throw ( opt/res -- value )
use
using-iterator ( ..a it: iterator quot: ( ..a it: iterator -- ..b ) -- ..b )
value>> ( instance: option-payload -- value )
variant-max-name-len ( variants -- n )
variant-max-name-len-acc ( max variants -- max )
vector ( -- type )
vector? ( val -- ? )
virtual{
when ( ? quot -- )
while ( ..a pred: ( ..a -- ..b ? ) body: ( ..b -- ..a ) -- ..b )
with-input-stream ( stream quot -- )
with-iterator ( ..a it: iterator quot: ( ..a it: iterator -- ..b ) -- ..b )
with-output-stream ( stream quot -- )
word-defined-hooks ( -- param )
word-info ( -- type )
word-info>hash ( word-info -- hash )
word-info? ( val -- ? )
word-markers ( name -- markers )
word-source ( symbol -- option )
words ( -- )
words-matching ( str -- array )
words-with-arity ( n -- array )
words-with-marker ( m: marker -- array )
xor ( ? ? -- ? )
zero? ( x -- ? )
Stack: [ ]
