=== native.>word returns raw array for native word ===
Stack: [ ]
Stack: [ { "dup" { { "a" } { "a" "a" } } "Duplicate top of stack." { } t f { } f f } ]
PASS: native.>word returns an array
Stack: [ { "dup" { { "a" } { "a" "a" } } "Duplicate top of stack." { } t f { } f f } ]
PASS: native.>word array has 9 elements
Stack: [ { "dup" { { "a" } { "a" "a" } } "Duplicate top of stack." { } t f { } f f } ]
PASS: native.>word raw array name
Stack: [ { "dup" { { "a" } { "a" "a" } } "Duplicate top of stack." { } t f { } f f } ]
PASS: native.>word raw array stack-effect is array
Stack: [ { "dup" { { "a" } { "a" "a" } } "Duplicate top of stack." { } t f { } f f } ]
PASS: native.>word raw array stack-effect inputs
Stack: [ { "dup" { { "a" } { "a" "a" } } "Duplicate top of stack." { } t f { } f f } ]
PASS: native.>word raw array stack-effect outputs
Stack: [ { "dup" { { "a" } { "a" "a" } } "Duplicate top of stack." { } t f { } f f } ]
PASS: native.>word raw array native? is t
Stack: [ { "dup" { { "a" } { "a" "a" } } "Duplicate top of stack." { } t f { } f f } ]
PASS: native.>word raw array source-loc is f for native word
Stack: [ ]
=== native.>word returns raw array for compound word ===
Stack: [ ]
Stack: [ ]
Stack: [ { "my-test-word" { { "x" } { "y" } } f { } f [ 1 + ] { } { "tests/integration/word_objects.1z" 17 34 } f } ]
PASS: native.>word returns array for compound word
Stack: [ { "my-test-word" { { "x" } { "y" } } f { } f [ 1 + ] { } { "tests/integration/word_objects.1z" 17 34 } f } ]
PASS: native.>word raw array name for compound word
Stack: [ { "my-test-word" { { "x" } { "y" } } f { } f [ 1 + ] { } { "tests/integration/word_objects.1z" 17 34 } f } ]
PASS: native.>word raw array native? is f for compound word
Stack: [ { "my-test-word" { { "x" } { "y" } } f { } f [ 1 + ] { } { "tests/integration/word_objects.1z" 17 34 } f } ]
PASS: native.>word raw array source-loc is array for compound word
Stack: [ ]
=== >word-info on native word ===
Stack: [ ]
Stack: [ word-info{ name: "dup" stack-effect: stack-effect{ inputs: { "a" } outputs: { "a" "a" } } doc: "Duplicate top of stack." markers: { } native?: t body: f methods: { } source-loc: f module: f } ]
PASS: >word-info name for native word
Stack: [ word-info{ name: "dup" stack-effect: stack-effect{ inputs: { "a" } outputs: { "a" "a" } } doc: "Duplicate top of stack." markers: { } native?: t body: f methods: { } source-loc: f module: f } ]
PASS: >word-info native? for native word
Stack: [ word-info{ name: "dup" stack-effect: stack-effect{ inputs: { "a" } outputs: { "a" "a" } } doc: "Duplicate top of stack." markers: { } native?: t body: f methods: { } source-loc: f module: f } ]
PASS: >word-info body is f for native word
Stack: [ word-info{ name: "dup" stack-effect: stack-effect{ inputs: { "a" } outputs: { "a" "a" } } doc: "Duplicate top of stack." markers: { } native?: t body: f methods: { } source-loc: f module: f } ]
Stack: [ word-info{ name: "dup" stack-effect: stack-effect{ inputs: { "a" } outputs: { "a" "a" } } doc: "Duplicate top of stack." markers: { } native?: t body: f methods: { } source-loc: f module: f } stack-effect{ inputs: { "a" } outputs: { "a" "a" } } stack-effect{ inputs: { "a" } outputs: { "a" "a" } } ]
PASS: >word-info stack-effect inputs for dup
Stack: [ word-info{ name: "dup" stack-effect: stack-effect{ inputs: { "a" } outputs: { "a" "a" } } doc: "Duplicate top of stack." markers: { } native?: t body: f methods: { } source-loc: f module: f } stack-effect{ inputs: { "a" } outputs: { "a" "a" } } ]
PASS: >word-info stack-effect outputs for dup
Stack: [ word-info{ name: "dup" stack-effect: stack-effect{ inputs: { "a" } outputs: { "a" "a" } } doc: "Duplicate top of stack." markers: { } native?: t body: f methods: { } source-loc: f module: f } ]
PASS: >word-info source-loc is f for native word
Stack: [ ]
=== >word-info on compound word ===
Stack: [ ]
Stack: [ word-info{ name: "my-test-word" stack-effect: stack-effect{ inputs: { "x" } outputs: { "y" } } doc: f markers: { } native?: f body: [ 1 + ] methods: { } source-loc: source-loc{ file: "tests/integration/word_objects.1z" line: 17 column: 34 } module: f } ]
PASS: >word-info name for compound word
Stack: [ word-info{ name: "my-test-word" stack-effect: stack-effect{ inputs: { "x" } outputs: { "y" } } doc: f markers: { } native?: f body: [ 1 + ] methods: { } source-loc: source-loc{ file: "tests/integration/word_objects.1z" line: 17 column: 34 } module: f } ]
PASS: >word-info native? for compound word
Stack: [ word-info{ name: "my-test-word" stack-effect: stack-effect{ inputs: { "x" } outputs: { "y" } } doc: f markers: { } native?: f body: [ 1 + ] methods: { } source-loc: source-loc{ file: "tests/integration/word_objects.1z" line: 17 column: 34 } module: f } ]
PASS: >word-info body is quotation for compound word
Stack: [ word-info{ name: "my-test-word" stack-effect: stack-effect{ inputs: { "x" } outputs: { "y" } } doc: f markers: { } native?: f body: [ 1 + ] methods: { } source-loc: source-loc{ file: "tests/integration/word_objects.1z" line: 17 column: 34 } module: f } ]
Stack: [ word-info{ name: "my-test-word" stack-effect: stack-effect{ inputs: { "x" } outputs: { "y" } } doc: f markers: { } native?: f body: [ 1 + ] methods: { } source-loc: source-loc{ file: "tests/integration/word_objects.1z" line: 17 column: 34 } module: f } stack-effect{ inputs: { "x" } outputs: { "y" } } stack-effect{ inputs: { "x" } outputs: { "y" } } ]
PASS: >word-info stack-effect inputs for compound word
Stack: [ word-info{ name: "my-test-word" stack-effect: stack-effect{ inputs: { "x" } outputs: { "y" } } doc: f markers: { } native?: f body: [ 1 + ] methods: { } source-loc: source-loc{ file: "tests/integration/word_objects.1z" line: 17 column: 34 } module: f } stack-effect{ inputs: { "x" } outputs: { "y" } } ]
PASS: >word-info stack-effect outputs for compound word
Stack: [ word-info{ name: "my-test-word" stack-effect: stack-effect{ inputs: { "x" } outputs: { "y" } } doc: f markers: { } native?: f body: [ 1 + ] methods: { } source-loc: source-loc{ file: "tests/integration/word_objects.1z" line: 17 column: 34 } module: f } ]
Stack: [ word-info{ name: "my-test-word" stack-effect: stack-effect{ inputs: { "x" } outputs: { "y" } } doc: f markers: { } native?: f body: [ 1 + ] methods: { } source-loc: source-loc{ file: "tests/integration/word_objects.1z" line: 17 column: 34 } module: f } source-loc{ file: "tests/integration/word_objects.1z" line: 17 column: 34 } source-loc{ file: "tests/integration/word_objects.1z" line: 17 column: 34 } ]
PASS: >word-info source-loc file is string
Stack: [ word-info{ name: "my-test-word" stack-effect: stack-effect{ inputs: { "x" } outputs: { "y" } } doc: f markers: { } native?: f body: [ 1 + ] methods: { } source-loc: source-loc{ file: "tests/integration/word_objects.1z" line: 17 column: 34 } module: f } source-loc{ file: "tests/integration/word_objects.1z" line: 17 column: 34 } ]
PASS: >word-info source-loc line is positive
Stack: [ word-info{ name: "my-test-word" stack-effect: stack-effect{ inputs: { "x" } outputs: { "y" } } doc: f markers: { } native?: f body: [ 1 + ] methods: { } source-loc: source-loc{ file: "tests/integration/word_objects.1z" line: 17 column: 34 } module: f } ]
PASS: >word-info markers is an array
Stack: [ ]
=== native.>word on nonexistent word throws ===
Stack: [ ]
PASS: NameError
Stack: [ ]
=== native.>word from string ===
Stack: [ ]
PASS: native.>word accepts string input
Stack: [ ]
=== >word? returns some for known word ===
Stack: [ ]
PASS: >word? returns some for known word
Stack: [ ]
PASS: >word? some contains word-info
Stack: [ ]
=== >word? returns none for unknown word ===
Stack: [ ]
PASS: >word? returns none for unknown word
Stack: [ ]
=== >quotation still works ===
Stack: [ ]
Stack: [ ]
PASS: >quotation still resolves words
Stack: [ ]
=== >word-info on word without stack effect ===
Stack: [ ]
Stack: [ ]
Stack: [ word-info{ name: "no-effect-word" stack-effect: f doc: f markers: { } native?: f body: [ 1 ] methods: { } source-loc: source-loc{ file: "tests/integration/word_objects.1z" line: 65 column: 23 } module: f } ]
PASS: >word-info stack-effect is f when none declared
Stack: [ ]
=== >word-info module field ===
Stack: [ ]
PASS: >word-info module is f for non-module word
Stack: [ ]
=== >word-info doc field ===
Stack: [ ]
PASS: >word-info doc is a string for documented word
Stack: [ ]
PASS: >word-info doc is f for undocumented word
Stack: [ ]
=== >word-info methods field ===
Stack: [ ]
PASS: >word-info methods is an array
Stack: [ ]
PASS: generic word has methods
Stack: [ ]
=== all-words returns an array ===
Stack: [ ]
PASS: all-words returns an array
Stack: [ ]
=== all-words contains known words ===
Stack: [ ]
Stack: [ 1 ]
PASS: all-words contains dup exactly once
Stack: [ ]
=== all-words entries are word-info structs ===
Stack: [ ]
PASS: all-words entries have string names
Stack: [ ]
=== stack-effect >string with inputs and outputs ===
Stack: [ ]
PASS: stack-effect >string for dup
Stack: [ ]
=== stack-effect >string with single input and output ===
Stack: [ ]
PASS: stack-effect >string for compound word
Stack: [ ]
=== prelude word >word? retains stack effect ===
Stack: [ ]
PASS: prelude >word? has non-null stack-effect
Stack: [ ]
=== native.>word raw array for >word-info has stack effect ===
Stack: [ ]
PASS: native.>word raw se for >word-info is not f
Stack: [ ]
=== native.>word raw array for all-words has stack effect ===
Stack: [ ]
PASS: native.>word raw se for all-words is not f
Stack: [ ]
=== native.>word raw array for >word? has stack effect ===
Stack: [ ]
PASS: native.>word raw se for >word? is not f
Stack: [ ]
=== stack-effect >string with no inputs ===
Stack: [ ]
PASS: stack-effect >string for all-words
Stack: [ ]
=== words-matching finds words ===
Stack: [ ]
Stack: [ 1 ]
PASS: words-matching finds dup
Stack: [ ]
=== words-matching returns empty for no match ===
Stack: [ ]
Stack: [ 0 ]
PASS: words-matching returns empty for no match
Stack: [ ]
=== words-with-arity finds unary words ===
Stack: [ ]
Stack: [ 1 ]
PASS: words-with-arity finds dup (1 input)
Stack: [ ]
=== words-with-arity 0 finds nullary words ===
Stack: [ ]
Stack: [ 1 ]
PASS: words-with-arity finds all-words (0 inputs)
Stack: [ ]
=== word-source returns some for known word ===
Stack: [ ]
PASS: word-source returns some for compound word
Stack: [ ]
=== word-source returns none for unknown word ===
Stack: [ ]
PASS: word-source returns none for unknown
Stack: [ ]
=== word-source returns none for native word ===
Stack: [ ]
PASS: word-source returns f source-loc for native
Stack: [ ]
=== words-with-marker finds parse-time words ===
Stack: [ ]
PASS: words-with-marker finds parse-time words
Stack: [ ]
=== format-word-info includes name ===
Stack: [ ]
PASS: format-word-info includes word name
Stack: [ ]
