Warning: 'until' parameter 'pred' has row-variable effect; quotation call falls back to interpreter
Warning: 'until' parameter 'body' has row-variable effect; quotation call falls back to interpreter
Warning: 'while' parameter 'pred' has row-variable effect; quotation call falls back to interpreter
Warning: 'while' parameter 'body' has row-variable effect; quotation call falls back to interpreter
Warning: 'loop' parameter 'pred' has row-variable effect; quotation call falls back to interpreter
Warning: 'keep' parameter 'quot' has row-variable effect; quotation call falls back to interpreter
Warning: '2dip' parameter 'quot' has row-variable effect; quotation call falls back to interpreter
Prelude compilation: 14/17 words compiled (82.4%)
  word 'until' cannot be compiled
      NC.11: instruction pre-scan rejected the word before compilation started
  word 'while' cannot be compiled
      NC.11: instruction pre-scan rejected the word before compilation started
  word 'loop' cannot be compiled
      NC.5: calls a quotation whose stack effect is unknown
      hint: annotate the quotation parameter with a concrete stack effect
Quotation bodies compiled: 11/16 (68.8%)
