Warning: 'until' parameter 'pred' has row-variable effect; quotation call falls back to interpreter
Warning: 'until' parameter 'body' has row-variable effect; quotation call falls back to interpreter
Warning: 'while' parameter 'pred' has row-variable effect; quotation call falls back to interpreter
Warning: 'while' parameter 'body' has row-variable effect; quotation call falls back to interpreter
Warning: 'loop' parameter 'pred' has row-variable effect; quotation call falls back to interpreter
Warning: 'keep' parameter 'quot' has row-variable effect; quotation call falls back to interpreter
Warning: '2dip' parameter 'quot' has row-variable effect; quotation call falls back to interpreter
Prelude compilation: 9/17 words compiled (52.9%)
  word 'until' cannot be compiled
      NC.11: instruction pre-scan rejected the word before compilation started
  word 'while' cannot be compiled
      NC.11: instruction pre-scan rejected the word before compilation started
  word 'when' cannot be compiled
      NC.8: a quotation in abstract form must become a concrete runtime value
      hint: blocked until quotation bodies can be compiled
  word 'loop' cannot be compiled
      NC.5: calls a quotation whose stack effect is unknown
      hint: annotate the quotation parameter with a concrete stack effect
  word 'keep' cannot be compiled
      NC.12: compilation produced unresolved dynamic calls or abstract stack entries
  word 'do' cannot be compiled
      NC.12: compilation produced unresolved dynamic calls or abstract stack entries
  word '2dip' cannot be compiled
      NC.12: compilation produced unresolved dynamic calls or abstract stack entries
  word 'output-stream' cannot be compiled
      NC.4: word pushes a value that cannot be embedded in an AOT binary
      hint: blocked until AOT literals can be serialized
Quotation bodies discovered: 16
