PASS: an unwrap of a string raises type-mismatch
PASS: the unwrapped operand is restored
PASS: the string operand is restored
PASS: the string below the unwrap is restored
PASS: + of a string raises type-mismatch
PASS: the fixnum operand of + is restored
PASS: the string operand of + is restored
PASS: the string below + is restored
