Warning: 'keep' parameter 'quot' has row-variable effect; quotation call falls back to interpreter
Error: --interpreter-fallback=false --lock-interpreter-setting was set, but at least one compiled word emitted an interpreter fallback call.
      hint: drop --lock-interpreter-setting, switch to --interpreter-fallback=true, or rewrite the offending words so they compile without fallback.
AOT interpreter fallbacks: 5 total
  native: 5
  sites:
    native: . -> inspect (line 532)
    native: flush -> stream-flush (line 526)
    native: stream-write-string -> >bytes (line 490)
    native: stream-write-string -> stream-write (line 490)
    native: keep -> dip (line 388)
  static-check: jitInterpretedCall=0/0 jitNativeWordCall=5/5 jitCallQuotation=0/0 (matches build-time inventory)
