Warning: '4keep' parameter 'quot' has row-variable effect; quotation call falls back to interpreter
Warning: 'bi' parameter 'p' has row-variable effect; quotation call falls back to interpreter
Warning: 'bi' parameter 'q' has row-variable effect; quotation call falls back to interpreter
Warning: '3keep' parameter 'quot' has row-variable effect; quotation call falls back to interpreter
Warning: 'keep' parameter 'quot' has row-variable effect; quotation call falls back to interpreter
Warning: '2apply' parameter 'quot' has row-variable effect; quotation call falls back to interpreter
Warning: 'with-iterator' parameter 'quot' has row-variable effect; quotation call falls back to interpreter
Warning: 'tri' parameter 'p' has row-variable effect; quotation call falls back to interpreter
Warning: 'tri' parameter 'q' has row-variable effect; quotation call falls back to interpreter
Warning: 'tri' parameter 'r' has row-variable effect; quotation call falls back to interpreter
Warning: '2keep' parameter 'quot' has row-variable effect; quotation call falls back to interpreter
Warning: 'until' parameter 'pred' has row-variable effect; quotation call falls back to interpreter
Warning: 'until' parameter 'body' has row-variable effect; quotation call falls back to interpreter
Warning: 'loop' parameter 'pred' has row-variable effect; quotation call falls back to interpreter
Warning: '4dip' parameter 'quot' has row-variable effect; quotation call falls back to interpreter
Warning: '3dip' parameter 'quot' has row-variable effect; quotation call falls back to interpreter
Warning: 'while' parameter 'pred' has row-variable effect; quotation call falls back to interpreter
Warning: 'while' parameter 'body' has row-variable effect; quotation call falls back to interpreter
Warning: '3apply' parameter 'quot' has row-variable effect; quotation call falls back to interpreter
Warning: '2dip' parameter 'quot' has row-variable effect; quotation call falls back to interpreter
Warning: 'using-iterator' parameter 'quot' has row-variable effect; quotation call falls back to interpreter
Warning: '1apply' parameter 'quot' has row-variable effect; quotation call falls back to interpreter
Error: --interpreter-fallback=false rejects compound-fallback dispatch; 3 call sites still route through the interpreter
  'pragma-get' -> 'pragma-get?' (line 1089)
      callee uncompiled: NC.13: word body underflows the abstract stack (row-variable effects)
      hint: blocked until row-variable stack regions can be modeled
  '#none' -> '#any' (line 381)
      callee uncompiled: NC.11: instruction pre-scan rejected the word before compilation started
      hint: blocked until the called word is in the AOT compilation set
  'generic?' -> '#any' (line 358)
      callee uncompiled: NC.11: instruction pre-scan rejected the word before compilation started
      hint: blocked until the called word is in the AOT compilation set
AOT interpreter fallbacks: 242 total (native=233 compound-uncompiled=3 quotation=6)
  static-check: jitInterpretedCall=3/3 jitNativeWordCall=233/233 jitCallQuotation=6/6 (matches build-time inventory)
