AOT interpreter fallbacks: 306 total (native=298 per-op-native=3 quotation=5)
  static-check: jitInterpretedCall=0/0 jitNativeWordCall=301/301 jitCallQuotation=5/5 (matches build-time inventory)
Warning: '2dip' parameter 'quot' has row-variable effect; quotation call falls back to interpreter
artifact: interpreter
interpreter: linked (auto: compiled code calls interpreter)
jitInterpretedCall: not linked
runtime-image: words=546 stack-effects=544 typevalue-slots=80 blob-present=true
