AOT interpreter fallbacks: 1364 total (native=1352 per-op-native=7 quotation=5)
  static-check: jitInterpretedCall=0/0 jitNativeWordCall=1359/1359 jitCallQuotation=5/5 (matches build-time inventory)
Warning: '2dip' parameter 'quot' has row-variable effect; quotation call falls back to interpreter
Warning: 'while' parameter 'pred' has row-variable effect; quotation call falls back to interpreter
Warning: 'while' parameter 'body' has row-variable effect; quotation call falls back to interpreter
Warning: 'loop' parameter 'pred' has row-variable effect; quotation call falls back to interpreter
Warning: 'keep' parameter 'quot' has row-variable effect; quotation call falls back to interpreter
artifact: interpreter
interpreter: linked (--interpreter-fallback=false without --lock-interpreter-setting)
jitInterpretedCall: not linked
runtime-image: words=544 stack-effects=542 typevalue-slots=80 blob-present=true
