Prelude compilation: 385/397 words compiled (97.0%)
  word '#all' cannot be compiled
      NC.11: instruction pre-scan rejected the word before compilation started
      hint: blocked until the called word is in the AOT compilation set
  word 'times' cannot be compiled
      NC.13: word body underflows the abstract stack (row-variable effects)
      hint: blocked until row-variable stack regions can be modeled
  word 'bi' cannot be compiled
      NC.8: a quotation in abstract form must become a concrete runtime value
      hint: blocked until quotation bodies can be compiled
  word 'cond' cannot be compiled
      NC.8: a quotation in abstract form must become a concrete runtime value
      hint: blocked until quotation bodies can be compiled
  word 'bytes-alloc-ptr' cannot be compiled
      NC.11: instruction pre-scan rejected the word before compilation started
      hint: blocked until the called word is in the AOT compilation set
  word '[]' cannot be compiled
      NC.18: compilation failed without a categorized reason
      hint: diagnostic gap; please report
  word 'bytes>ffi-ptr' cannot be compiled
      NC.11: instruction pre-scan rejected the word before compilation started
      hint: blocked until the called word is in the AOT compilation set
  word 'benchmark-report?' cannot be compiled
      NC.11: instruction pre-scan rejected the word before compilation started
      hint: blocked until the called word is in the AOT compilation set
  word 'tri' cannot be compiled
      NC.8: a quotation in abstract form must become a concrete runtime value
      hint: blocked until quotation bodies can be compiled
  word '#any' cannot be compiled
      NC.11: instruction pre-scan rejected the word before compilation started
      hint: blocked until the called word is in the AOT compilation set
  word 'pragma-get?' cannot be compiled
      NC.13: word body underflows the abstract stack (row-variable effects)
      hint: blocked until row-variable stack regions can be modeled
  word 'add-hook' cannot be compiled
      NC.6: calls a word that is not available in the AOT compilation set
      hint: blocked until the AOT resolver includes this word
Quotation bodies compiled: 0
Inline PIC sites: 17/66 generic call sites preseeded
AOT interpreter fallbacks: 252 total
  native: 239
  compound-uncompiled: 3
  quotation: 10
  sites:
    native: provenance? -> native.struct-type-predicate (line 0)
    native: nan? -> = (line 346)
    quotation: run-benchmarks -> <quotation> (line 810)
    native: quotation? -> = (line 310)
    native: unmake-descriptor-variant -> native.struct-instance-destructure (line 0)
    native: value>> -> native.struct-field-get (line 0)
    native: inputs>> -> native.struct-field-get (line 0)
    native: >iterator -> native.make-callback-iter (line 867)
    native: >iterator -> native.>iterator (line 869)
    native: >dispatch-provenance -> native.hash-to-struct (line 0)
    native: >option:some -> native.virtual-struct-wrap (line 0)
    native: descriptor-variant? -> native.struct-type-predicate (line 0)
    native: . -> inspect (line 622)
    native: >method-info -> native.hash-to-struct (line 0)
    native: >on -> native.enum-from-symbol (line 0)
    native: all-words -> native.all-words (line 1057)
    ... 236 more
  static-check: jitInterpretedCall=3/3 jitNativeWordCall=239/239 jitCallQuotation=10/10 (matches build-time inventory)
Warning: '4keep' parameter 'quot' has row-variable effect; quotation call falls back to interpreter
Warning: 'bi' parameter 'p' has row-variable effect; quotation call falls back to interpreter
Warning: 'bi' parameter 'q' has row-variable effect; quotation call falls back to interpreter
Warning: '3keep' parameter 'quot' has row-variable effect; quotation call falls back to interpreter
Warning: 'keep' parameter 'quot' has row-variable effect; quotation call falls back to interpreter
Warning: '2apply' parameter 'quot' has row-variable effect; quotation call falls back to interpreter
Warning: 'with-iterator' parameter 'quot' has row-variable effect; quotation call falls back to interpreter
Warning: 'tri' parameter 'p' has row-variable effect; quotation call falls back to interpreter
Warning: 'tri' parameter 'q' has row-variable effect; quotation call falls back to interpreter
Warning: 'tri' parameter 'r' has row-variable effect; quotation call falls back to interpreter
Warning: '2keep' parameter 'quot' has row-variable effect; quotation call falls back to interpreter
Warning: 'until' parameter 'pred' has row-variable effect; quotation call falls back to interpreter
Warning: 'until' parameter 'body' has row-variable effect; quotation call falls back to interpreter
Warning: 'loop' parameter 'pred' has row-variable effect; quotation call falls back to interpreter
Warning: '4dip' parameter 'quot' has row-variable effect; quotation call falls back to interpreter
Warning: '3dip' parameter 'quot' has row-variable effect; quotation call falls back to interpreter
Warning: 'while' parameter 'pred' has row-variable effect; quotation call falls back to interpreter
Warning: 'while' parameter 'body' has row-variable effect; quotation call falls back to interpreter
Warning: '3apply' parameter 'quot' has row-variable effect; quotation call falls back to interpreter
Warning: '2dip' parameter 'quot' has row-variable effect; quotation call falls back to interpreter
Warning: 'using-iterator' parameter 'quot' has row-variable effect; quotation call falls back to interpreter
Warning: '1apply' parameter 'quot' has row-variable effect; quotation call falls back to interpreter
artifact: interpreter
interpreter: linked (auto: compiled code calls interpreter)
jitInterpretedCall: linked
runtime-image: words=0 stack-effects=1 typevalue-slots=63 blob-present=false
