Prelude compilation: 270/317 words compiled (85.2%)
  word '>option:some' cannot be compiled
      NC.4: word pushes a value that cannot be embedded in an AOT binary
      hint: blocked until AOT literals can be serialized
  word 'option:some>' cannot be compiled
      NC.4: word pushes a value that cannot be embedded in an AOT binary
      hint: blocked until AOT literals can be serialized
  word '>result:err' cannot be compiled
      NC.4: word pushes a value that cannot be embedded in an AOT binary
      hint: blocked until AOT literals can be serialized
  word 'ordering:lt?' cannot be compiled
      NC.4: word pushes a value that cannot be embedded in an AOT binary
      hint: blocked until AOT literals can be serialized
  word '#all' cannot be compiled
      NC.11: instruction pre-scan rejected the word before compilation started
      hint: blocked until the called word is in the AOT compilation set
  word 'times' cannot be compiled
      NC.13: word body underflows the abstract stack (row-variable effects)
      hint: blocked until row-variable stack regions can be modeled
  word 'bi' cannot be compiled
      NC.8: a quotation in abstract form must become a concrete runtime value
      hint: blocked until quotation bodies can be compiled
  word 'make-option:some' cannot be compiled
      NC.4: word pushes a value that cannot be embedded in an AOT binary
      hint: blocked until AOT literals can be serialized
  word 'parse-quotation' cannot be compiled
      NC.11: instruction pre-scan rejected the word before compilation started
      hint: blocked until the called word is in the AOT compilation set
  word 'cond' cannot be compiled
      NC.13: word body underflows the abstract stack (row-variable effects)
      hint: blocked until row-variable stack regions can be modeled
  word 'make-result:ok' cannot be compiled
      NC.4: word pushes a value that cannot be embedded in an AOT binary
      hint: blocked until AOT literals can be serialized
  word 'on:unhandled-error?' cannot be compiled
      NC.4: word pushes a value that cannot be embedded in an AOT binary
      hint: blocked until AOT literals can be serialized
  word 'bytes-alloc-ptr' cannot be compiled
      NC.11: instruction pre-scan rejected the word before compilation started
      hint: blocked until the called word is in the AOT compilation set
  word 'on:module-loaded?' cannot be compiled
      NC.4: word pushes a value that cannot be embedded in an AOT binary
      hint: blocked until AOT literals can be serialized
  word 'unmake-result:err' cannot be compiled
      NC.4: word pushes a value that cannot be embedded in an AOT binary
      hint: blocked until AOT literals can be serialized
  word 'result:err>' cannot be compiled
      NC.4: word pushes a value that cannot be embedded in an AOT binary
      hint: blocked until AOT literals can be serialized
  word 'bytes>ffi-ptr' cannot be compiled
      NC.11: instruction pre-scan rejected the word before compilation started
      hint: blocked until the called word is in the AOT compilation set
  word 'benchmark-report?' cannot be compiled
      NC.11: instruction pre-scan rejected the word before compilation started
      hint: blocked until the called word is in the AOT compilation set
  word 'trace-stack' cannot be compiled
      NC.13: word body underflows the abstract stack (row-variable effects)
      hint: blocked until row-variable stack regions can be modeled
  word 'unmake-result:ok' cannot be compiled
      NC.4: word pushes a value that cannot be embedded in an AOT binary
      hint: blocked until AOT literals can be serialized
  word 'result:ok>' cannot be compiled
      NC.4: word pushes a value that cannot be embedded in an AOT binary
      hint: blocked until AOT literals can be serialized
  word '1check' cannot be compiled
      NC.13: word body underflows the abstract stack (row-variable effects)
      hint: blocked until row-variable stack regions can be modeled
  word 'result:err?' cannot be compiled
      NC.4: word pushes a value that cannot be embedded in an AOT binary
      hint: blocked until AOT literals can be serialized
  word 'tri' cannot be compiled
      NC.8: a quotation in abstract form must become a concrete runtime value
      hint: blocked until quotation bodies can be compiled
  word 'unmake-option:some' cannot be compiled
      NC.4: word pushes a value that cannot be embedded in an AOT binary
      hint: blocked until AOT literals can be serialized
  word '>word-info' cannot be compiled
      NC.11: instruction pre-scan rejected the word before compilation started
      hint: blocked until the called word is in the AOT compilation set
  word 'ordering:eq?' cannot be compiled
      NC.4: word pushes a value that cannot be embedded in an AOT binary
      hint: blocked until AOT literals can be serialized
  word 'option:some?' cannot be compiled
      NC.4: word pushes a value that cannot be embedded in an AOT binary
      hint: blocked until AOT literals can be serialized
  word 'loop' cannot be compiled
      NC.13: word body underflows the abstract stack (row-variable effects)
      hint: blocked until row-variable stack regions can be modeled
  word 'option:some>hash' cannot be compiled
      NC.4: word pushes a value that cannot be embedded in an AOT binary
      hint: blocked until AOT literals can be serialized
  word 'cmp' cannot be compiled
      NC.13: word body underflows the abstract stack (row-variable effects)
      hint: blocked until row-variable stack regions can be modeled
  word 'result:err>hash' cannot be compiled
      NC.4: word pushes a value that cannot be embedded in an AOT binary
      hint: blocked until AOT literals can be serialized
  word '#any' cannot be compiled
      NC.11: instruction pre-scan rejected the word before compilation started
      hint: blocked until the called word is in the AOT compilation set
  word 'ordering:gt?' cannot be compiled
      NC.4: word pushes a value that cannot be embedded in an AOT binary
      hint: blocked until AOT literals can be serialized
  word 'on:word-defined?' cannot be compiled
      NC.4: word pushes a value that cannot be embedded in an AOT binary
      hint: blocked until AOT literals can be serialized
  word 'make-result:err' cannot be compiled
      NC.4: word pushes a value that cannot be embedded in an AOT binary
      hint: blocked until AOT literals can be serialized
  word 'option:none?' cannot be compiled
      NC.4: word pushes a value that cannot be embedded in an AOT binary
      hint: blocked until AOT literals can be serialized
  word 'while' cannot be compiled
      NC.13: word body underflows the abstract stack (row-variable effects)
      hint: blocked until row-variable stack regions can be modeled
  word 'on:exit?' cannot be compiled
      NC.4: word pushes a value that cannot be embedded in an AOT binary
      hint: blocked until AOT literals can be serialized
  word 'result:ok?' cannot be compiled
      NC.4: word pushes a value that cannot be embedded in an AOT binary
      hint: blocked until AOT literals can be serialized
  word 'pragma-get?' cannot be compiled
      NC.13: word body underflows the abstract stack (row-variable effects)
      hint: blocked until row-variable stack regions can be modeled
  word 'drop-at' cannot be compiled
      NC.17: indexed stack access targets the symbolic row region
      hint: only literal depths into known stack slots above the row are supported
  word 'result:ok>hash' cannot be compiled
      NC.4: word pushes a value that cannot be embedded in an AOT binary
      hint: blocked until AOT literals can be serialized
  word '>result:ok' cannot be compiled
      NC.4: word pushes a value that cannot be embedded in an AOT binary
      hint: blocked until AOT literals can be serialized
  word 'case' cannot be compiled
      NC.13: word body underflows the abstract stack (row-variable effects)
      hint: blocked until row-variable stack regions can be modeled
  word 'acquire' cannot be compiled
      NC.13: word body underflows the abstract stack (row-variable effects)
      hint: blocked until row-variable stack regions can be modeled
  word 'add-hook' cannot be compiled
      NC.6: calls a word that is not available in the AOT compilation set
      hint: blocked until the AOT resolver includes this word
Quotation bodies compiled: 0
Inline PIC sites: 0/34 generic call sites preseeded
AOT interpreter fallbacks: 228 total
  native: 215
  compound-uncompiled: 6
  quotation: 7
  sites:
    native: flush -> stream-flush (line 520)
    native: stream-write-string -> >bytes (line 484)
    native: stream-write-string -> stream-write (line 484)
    native: provenance? -> native.struct-type-predicate (line 0)
    native: nan? -> = (line 318)
    native: run-benchmarks -> make-benchmark-report (line 714)
    quotation: run-benchmarks -> <quotation> (line 714)
    native: run-benchmarks -> print-benchmark-report (line 714)
    native: 4nip -> nip-n (line 376)
    native: quotation? -> type-of (line 282)
    native: quotation? -> = (line 282)
    native: unmake-descriptor-variant -> native.struct-instance-destructure (line 0)
    native: >iterator -> curry (line 770)
    native: >iterator -> native.make-callback-iter (line 771)
    native: >iterator -> native.>iterator (line 773)
    native: >dispatch-provenance -> native.hash-to-struct (line 0)
    ... 212 more
  static-check: jitInterpretedCall=6/6 jitNativeWordCall=215/215 jitCallQuotation=7/7 (matches build-time inventory)
Warning: '4keep' parameter 'quot' has row-variable effect; quotation call falls back to interpreter
Warning: 'bi' parameter 'p' has row-variable effect; quotation call falls back to interpreter
Warning: 'bi' parameter 'q' has row-variable effect; quotation call falls back to interpreter
Warning: '3keep' parameter 'quot' has row-variable effect; quotation call falls back to interpreter
Warning: 'keep' parameter 'quot' has row-variable effect; quotation call falls back to interpreter
Warning: '2apply' parameter 'quot' has row-variable effect; quotation call falls back to interpreter
Warning: 'tri' parameter 'p' has row-variable effect; quotation call falls back to interpreter
Warning: 'tri' parameter 'q' has row-variable effect; quotation call falls back to interpreter
Warning: 'tri' parameter 'r' has row-variable effect; quotation call falls back to interpreter
Warning: '2keep' parameter 'quot' has row-variable effect; quotation call falls back to interpreter
Warning: 'until' parameter 'pred' has row-variable effect; quotation call falls back to interpreter
Warning: 'until' parameter 'body' has row-variable effect; quotation call falls back to interpreter
Warning: 'loop' parameter 'pred' has row-variable effect; quotation call falls back to interpreter
Warning: '4dip' parameter 'quot' has row-variable effect; quotation call falls back to interpreter
Warning: '3dip' parameter 'quot' has row-variable effect; quotation call falls back to interpreter
Warning: 'while' parameter 'pred' has row-variable effect; quotation call falls back to interpreter
Warning: 'while' parameter 'body' has row-variable effect; quotation call falls back to interpreter
Warning: '3apply' parameter 'quot' has row-variable effect; quotation call falls back to interpreter
Warning: '2dip' parameter 'quot' has row-variable effect; quotation call falls back to interpreter
Warning: '1apply' parameter 'quot' has row-variable effect; quotation call falls back to interpreter
interpreter: linked (auto: compiled code calls interpreter)
jitInterpretedCall: linked
