AOT interpreter fallbacks: 4 total (native=4)
  static-check: jitInterpretedCall=0/0 jitNativeWordCall=4/4 jitCallQuotation=0/0 (matches build-time inventory)
Warning: '2dip' parameter 'quot' has row-variable effect; quotation call falls back to interpreter
Error: --interpreter-fallback=false requires all words to compile; 1 word need the interpreter
  word 'times' (prelude): NC.13: word body underflows the abstract stack (row-variable effects)
      hint: blocked until row-variable stack regions can be modeled
